============================================================
LOO Experiments Runner
============================================================
SNAPSHOT_DIR=data  CURVE_POINTS=2  SEED=42
ITERATIONS=1  LR=0.05  DEPTH=6
LOG: experiments/_logs/loo_20260322_004627
============================================================
[1/14] regressor
[OUT] experiments/loo/regressor
[LOG] experiments/_logs/loo_20260322_004627/regressor.log
Baseline points:   0%|          | 0/2 [00:00<?, ?it/s]
Baseline points:   0%|          | 0/2 [00:00<?, ?it/s]
Traceback (most recent call last):
  File "/home/kolya/ilya/seenx-ml/train/train_retention_regressor_loo.py", line 338, in <module>
    main()
  File "/home/kolya/ilya/seenx-ml/train/train_retention_regressor_loo.py", line 334, in main
    run_experiment(args)
  File "/home/kolya/ilya/seenx-ml/train/train_retention_regressor_loo.py", line 218, in run_experiment
    model.fit(X_train, y_train)
  File "/home/kolya/ilya/seenx-ml/venv/lib/python3.12/site-packages/catboost/core.py", line 5873, in fit
    return self._fit(X, y, cat_features, text_features, embedding_features, None, graph, sample_weight, None, None, None, None, baseline,
           ^^^^^^^^^^^^^^^^^^^^^^^^^^^^^^^^^^^^^^^^^^^^^^^^^^^^^^^^^^^^^^^^^^^^^^^^^^^^^^^^^^^^^^^^^^^^^^^^^^^^^^^^^^^^^^^^^^^^^^^^^^^^^^
  File "/home/kolya/ilya/seenx-ml/venv/lib/python3.12/site-packages/catboost/core.py", line 2410, in _fit
    self._train(
  File "/home/kolya/ilya/seenx-ml/venv/lib/python3.12/site-packages/catboost/core.py", line 1790, in _train
    self._object._train(train_pool, test_pool, params, allow_clear_pool, init_model._object if init_model else None)
  File "_catboost.pyx", line 5023, in _catboost._CatBoost._train
  File "_catboost.pyx", line 5072, in _catboost._CatBoost._train
_catboost.CatBoostError: catboost/libs/metrics/metric.cpp:6935: All train targets are equal
[FAIL] regressor (exit=1, 1s)
============================================================
[2/14] shape_only
[OUT] experiments/loo/shape_only
[LOG] experiments/_logs/loo_20260322_004627/shape_only.log
=== Retention Shape-Only LOO ===
videos_total_with_target: 83
videos_used: 6
train_videos: 5
curve_points: 2
test_video: 3PBo1GiAlbs
test_drive_file_id: 3PBo1GiAlbs
shape_anchor_points: 1
fixed_anchor_value: 1.0
delta_max_step: 0.18
curvature_max_step: 0.12
curvature_blend: 0.55
shape_max: 1.15
spike_sensitivity: 1.35
spike_threshold_quantile: 0.72
spike_max_amplify: 1.7
spearman: 0.9999999999999999
pearson: 1.0
rmse: 0.2998132752230961
mae: 0.21199999999999997
spike_rmse: 0.42399999999999993
curvature_rmse: 0.0
dataset_path: /home/kolya/ilya/seenx-ml/experiments/loo/shape_only/shape_only_dataset.csv
prediction_path: /home/kolya/ilya/seenx-ml/experiments/loo/shape_only/holdout_prediction_vs_true.csv
=== Holdout Prediction vs True (2 points) ===
 point_idx  point_frac  pred_shape_only pred_retention  pred_retention_norm  pred_score_raw true_retention abs_error
         0         0.0            1.000        1.00000                1.000           1.000        1.00000   0.00000
         1         1.0            0.694        0.69400                0.694           0.694        0.27000   0.42400
[OK] shape_only (3s)
============================================================
[3/14] local_knn
[OUT] experiments/loo/local_knn
[LOG] experiments/_logs/loo_20260322_004627/local_knn.log
=== Retention Local-kNN Residual LOO ===
videos_total_with_target: 83
videos_used: 6
train_videos: 5
curve_points: 2
test_video: 3PBo1GiAlbs
test_drive_file_id: 3PBo1GiAlbs
auto_tune: False
neighbors_k: 12
distance_temperature: 1.0
residual_strength: 0.65
spike_gain: 1.05
smooth_window: 7
spearman: 0.9999999999999999
pearson: 0.9999999999999998
rmse: 0.09350228344627481
mae: 0.0661160986812876
spike_rmse: 0.1322321973625752
curvature_rmse: 0.0
dataset_path: /home/kolya/ilya/seenx-ml/experiments/loo/local_knn/local_knn_dataset.csv
prediction_path: /home/kolya/ilya/seenx-ml/experiments/loo/local_knn/holdout_prediction_vs_true.csv
=== Holdout Prediction vs True (2 points) ===
 point_idx  point_frac  pred_retention_base_knn  pred_retention_residual_component pred_retention  pred_retention_norm  pred_score_raw true_retention abs_error
         0         0.0                 1.000000                           0.240611        1.00000             1.000000        1.000000        1.00000   0.00000
         1         1.0                 0.438574                          -0.240611        0.40223             0.402232        0.402232        0.27000   0.13223
[OK] local_knn (2s)
============================================================
[4/14] ranker
[OUT] experiments/loo/ranker
[LOG] experiments/_logs/loo_20260322_004627/ranker.log
Default metric period is 5 because PFound, NDCG is/are not implemented for GPU
Metric PFound is not implemented on GPU. Will use CPU for metric computation, this could significantly affect learning time
Metric NDCG:top=2;type=Base is not implemented on GPU. Will use CPU for metric computation, this could significantly affect learning time
=== Retention Ranker LOO ===
videos_total_with_target: 83
videos_used: 6
train_videos: 5
curve_points: 2
test_video: 3PBo1GiAlbs
spearman: 0.9999999999999999
pearson: 1.0
rmse: 0.19091883092036785
dataset_path: /home/kolya/ilya/seenx-ml/experiments/loo/ranker/ranker_dataset.csv
prediction_path: /home/kolya/ilya/seenx-ml/experiments/loo/ranker/holdout_prediction_vs_true.csv
model_path: /home/kolya/ilya/seenx-ml/experiments/loo/ranker/catboost_ranker.cbm
=== Holdout Prediction vs True (2 points) ===
 point_idx pred_score_raw pred_retention_norm true_retention
         0        0.02500             1.00000        1.00000
         1       -0.02500             0.00000        0.27000
[OK] ranker (2s)
============================================================
[5/14] hybrid
[OUT] experiments/loo/hybrid
[LOG] experiments/_logs/loo_20260322_004627/hybrid.log
Default metric period is 5 because PFound, NDCG is/are not implemented for GPU
Metric PFound is not implemented on GPU. Will use CPU for metric computation, this could significantly affect learning time
Metric NDCG:top=2;type=Base is not implemented on GPU. Will use CPU for metric computation, this could significantly affect learning time
=== Retention Hybrid LOO ===
videos_total_with_target: 83
videos_used: 6
train_videos: 5
curve_points: 2
test_video: 3PBo1GiAlbs
test_drive_file_id: 3PBo1GiAlbs
ensemble_seeds: [42]
shape_ranker_weight: 0.7
shape_anchor_points: 1
level_anchor_points: 2
level_pred: 0.7062852829919706
level_true: 0.635
level_abs_error: 0.07128528299197057
tail_pred: 0.7018286120417088
tail_true: 0.635
tail_abs_error: 0.06682861204170876
use_tail_floor: 1
affine_calibration_enabled: 0
calib_alpha: 1.0
calib_beta: 0.0
spearman_abs: 0.9999999999999999
pearson_abs: 0.9999999999999998
rmse_abs: 0.36971693994042687
mae_abs: 0.36314009959234084
rmse_abs_uncalibrated: 0.36971693994042687
mae_abs_uncalibrated: 0.36314009959234084
spearman_shape: 0.9999999999999999
pearson_shape: 1.0
rmse_shape: 0.07400513567846075
mae_shape: 0.0523295332808701
dataset_path: /home/kolya/ilya/seenx-ml/experiments/loo/hybrid/hybrid_dataset.csv
prediction_path: /home/kolya/ilya/seenx-ml/experiments/loo/hybrid/holdout_prediction_vs_true.csv
ensemble_models_dir: /home/kolya/ilya/seenx-ml/experiments/loo/hybrid/ensemble_models
ensemble_models_count: 4
=== Holdout Prediction vs True (2 points) ===
 point_idx  point_frac pred_shape true_shape  pred_retention_uncalibrated pred_retention  pred_retention_norm  pred_score_raw true_retention abs_error  abs_error_uncalibrated shape_abs_error
         0         0.0    1.00000    1.00000                     0.706285        0.70629             0.706285        0.706285        1.00000   0.29371                0.293715         0.00000
         1         1.0    0.16534    0.27000                     0.702565        0.70257             0.702565        0.702565        0.27000   0.43257                0.432565         0.10466
[OK] hybrid (6s)
============================================================
[6/14] stacked
[OUT] experiments/loo/stacked
[LOG] experiments/_logs/loo_20260322_004627/stacked.log
Training points:   0%|          | 0/2 [00:00<?, ?it/s]
Training points: 100%|██████████| 2/2 [00:00<00:00, 9279.43it/s]
Training points:   0%|          | 0/2 [00:00<?, ?it/s]
Training points: 100%|██████████| 2/2 [00:00<00:00, 31418.01it/s]
=== Retention Stacked LOO ===
videos_total_with_target: 83
videos_used: 6
train_videos: 5
curve_points: 2
test_video: 3PBo1GiAlbs
test_drive_file_id: 3PBo1GiAlbs
oof_folds: 5
meta_l2: 0.02
spearman: 0.9999999999999999
pearson: 0.9999999999999998
rmse: 0.11935133747432704
mae: 0.08439414007178075
dataset_path: /home/kolya/ilya/seenx-ml/experiments/loo/stacked/stacked_dataset.csv
prediction_path: /home/kolya/ilya/seenx-ml/experiments/loo/stacked/holdout_prediction_vs_true.csv
=== Holdout Prediction vs True (2 points) ===
 point_idx  point_frac  pred_abs_expert  pred_delta_expert  pred_shape_expert pred_retention  pred_retention_norm  pred_score_raw true_retention abs_error
         0         0.0         1.000000                1.0              0.719        1.00000             1.000000        1.000000        1.00000   0.00000
         1         1.0         0.436462                0.7              0.719        0.43879             0.438788        0.438788        0.27000   0.16879
[OK] stacked (4s)
============================================================
[7/14] conservative_catboost
[OUT] experiments/loo/conservative_catboost
[LOG] experiments/_logs/loo_20260322_004627/conservative_catboost.log
[conservative_cb] stage=train points=2 iter=150 depth=4 l2=10.0
[conservative_cb][point] 1/2
[conservative_cb][point] 2/2
=== Retention Conservative-CatBoost LOO ===
videos_total_with_target: 83
videos_used: 6
train_videos: 5
curve_points: 2
test_video: 3PBo1GiAlbs
test_drive_file_id: 3PBo1GiAlbs
iterations: 150
learning_rate: 0.03
depth: 4
l2_leaf_reg: 10.0
model_count: 1
baseline_rmse: 0.11879393923933998
dataset_path: /home/kolya/ilya/seenx-ml/experiments/loo/conservative_catboost/conservative_catboost_dataset.csv
prediction_path: /home/kolya/ilya/seenx-ml/experiments/loo/conservative_catboost/holdout_prediction_vs_true.csv
models_dir: /home/kolya/ilya/seenx-ml/experiments/loo/conservative_catboost/point_models
spearman: 0.9999999999999999
pearson: 1.0
rmse: 0.11162618709454804
mae: 0.0789316338525532
spike_rmse: 0.1578632677051064
curvature_rmse: 0.0
=== Holdout Prediction vs True (2 points) ===
 point_idx  baseline_value pred_retention  pred_retention_norm  pred_score_raw true_retention abs_error
         0           1.000        1.00000             1.000000        1.000000        1.00000   0.00000
         1           0.438        0.42786             0.427863        0.427863        0.27000   0.15786
[OK] conservative_catboost (2s)
============================================================
[8/14] ad_peak_weighted
[OUT] experiments/loo/ad_peak_weighted
[LOG] experiments/_logs/loo_20260322_004627/ad_peak_weighted.log
Training points:   0%|          | 0/2 [00:00<?, ?it/s]
Training points: 100%|██████████| 2/2 [00:01<00:00,  1.24it/s]
Training points: 100%|██████████| 2/2 [00:01<00:00,  1.24it/s]
=== Retention Ad-Peak-Weighted LOO ===
videos_total_with_target: 83
videos_used: 6
train_videos: 5
curve_points: 2
test_video: 3PBo1GiAlbs
test_drive_file_id: 3PBo1GiAlbs
weight_slope_alpha: 1.4
weight_curvature_alpha: 0.9
weight_ad_alpha: 1.2
weight_max: 6.0
integration_max_drop: 0.1
integration_strength_power: 1.0
integration_active_threshold: 0.5
dataset_path: /home/kolya/ilya/seenx-ml/experiments/loo/ad_peak_weighted/ad_peak_weighted_dataset.csv
prediction_path: /home/kolya/ilya/seenx-ml/experiments/loo/ad_peak_weighted/holdout_prediction_vs_true.csv
models_dir: /home/kolya/ilya/seenx-ml/experiments/loo/ad_peak_weighted/point_models
spearman: 0.9999999999999999
pearson: 1.0
rmse: 0.08702311404148955
mae: 0.061534634058707516
spike_rmse: 0.12306926811741503
curvature_rmse: 0.0
[OK] ad_peak_weighted (4s)
============================================================
[9/14] peak_weighted
[OUT] experiments/loo/peak_weighted
[LOG] experiments/_logs/loo_20260322_004627/peak_weighted.log
Training points:   0%|          | 0/2 [00:00<?, ?it/s]
Training points: 100%|██████████| 2/2 [00:00<00:00,  2.14it/s]
Training points: 100%|██████████| 2/2 [00:00<00:00,  2.14it/s]
=== Retention Peak-Weighted LOO ===
videos_total_with_target: 83
videos_used: 6
train_videos: 5
curve_points: 2
test_video: 3PBo1GiAlbs
test_drive_file_id: 3PBo1GiAlbs
weight_slope_alpha: 1.8
weight_curvature_alpha: 1.2
weight_max: 7.0
dataset_path: /home/kolya/ilya/seenx-ml/experiments/loo/peak_weighted/peak_weighted_dataset.csv
prediction_path: /home/kolya/ilya/seenx-ml/experiments/loo/peak_weighted/holdout_prediction_vs_true.csv
models_dir: /home/kolya/ilya/seenx-ml/experiments/loo/peak_weighted/point_models
spearman: 0.9999999999999999
pearson: 1.0
rmse: 0.09382668270396699
mae: 0.06634548359621362
spike_rmse: 0.13269096719242723
curvature_rmse: 0.0
[OK] peak_weighted (2s)
============================================================
[10/14] blended_quantile
[OUT] experiments/loo/blended_quantile
[LOG] experiments/_logs/loo_20260322_004627/blended_quantile.log
[blended_quantile] stage=quantile_points total=2 alpha=0.35
[blended_quantile][point] 1/2
[blended_quantile][point] 2/2
=== Retention Blended-Quantile LOO ===
videos_total_with_target: 83
videos_used: 6
train_videos: 5
curve_points: 2
test_video: 3PBo1GiAlbs
test_drive_file_id: 3PBo1GiAlbs
baseline_weight: 0.35
model_count: 1
dataset_path: /home/kolya/ilya/seenx-ml/experiments/loo/blended_quantile/blended_quantile_dataset.csv
prediction_path: /home/kolya/ilya/seenx-ml/experiments/loo/blended_quantile/holdout_prediction_vs_true.csv
models_dir: /home/kolya/ilya/seenx-ml/experiments/loo/blended_quantile/point_models
spearman: 0.9999999999999999
pearson: 1.0
rmse: 0.13139470707414996
mae: 0.09291008838415146
spike_rmse: 0.18582017676830298
curvature_rmse: 0.0
=== Holdout Prediction vs True (2 points) ===
 point_idx  baseline_value  model_quantile_pred pred_retention  pred_retention_norm  pred_score_raw true_retention abs_error
         0           1.000             1.000000        1.00000              1.00000         1.00000        1.00000   0.00000
         1           0.438             0.465416        0.45582              0.45582         0.45582        0.27000   0.18582
[OK] blended_quantile (3s)
============================================================
[11/14] residual_huber
[OUT] experiments/loo/residual_huber
[LOG] experiments/_logs/loo_20260322_004627/residual_huber.log
[residual_huber] stage=residual_points total=2
[residual_huber][residual] 1/2
[residual_huber][residual] 2/2
[residual_huber] stage=delta_residual total=1
[residual_huber][delta] 1/1
=== Retention Residual-Huber LOO ===
videos_total_with_target: 83
videos_used: 6
train_videos: 5
curve_points: 2
test_video: 3PBo1GiAlbs
test_drive_file_id: 3PBo1GiAlbs
huber_delta: 0.03
huber_delta_delta: 0.015
delta_blend: 0.65
delta_max_step: 0.15
point_models_count: 1
delta_models_count: 1
dataset_path: /home/kolya/ilya/seenx-ml/experiments/loo/residual_huber/residual_huber_dataset.csv
prediction_path: /home/kolya/ilya/seenx-ml/experiments/loo/residual_huber/holdout_prediction_vs_true.csv
models_dir: /home/kolya/ilya/seenx-ml/experiments/loo/residual_huber/point_models
spearman: 0.9999999999999999
pearson: 1.0
rmse: 0.10505608062011271
mae: 0.07428586701136233
spike_rmse: 0.1485717340227246
curvature_rmse: 0.0
=== Holdout Prediction vs True (2 points) ===
 point_idx  baseline_value  pred_residual_base  pred_residual_delta_curve pred_retention  pred_retention_norm  pred_score_raw true_retention abs_error
         0           1.000            0.000000                    0.00000        1.00000             1.000000        1.000000        1.00000   0.00000
         1           0.438           -0.030827                   -0.01329        0.41857             0.418572        0.418572        0.27000   0.14857
[OK] residual_huber (4s)
============================================================
[12/14] kernel_baseline
[OUT] experiments/loo/kernel_baseline
[LOG] experiments/_logs/loo_20260322_004627/kernel_baseline.log
[kernel_baseline] stage=predict temperature=1.0
=== Retention Kernel-Baseline LOO ===
videos_total_with_target: 83
videos_used: 6
train_videos: 5
curve_points: 2
test_video: 3PBo1GiAlbs
test_drive_file_id: 3PBo1GiAlbs
temperature: 1.0
max_pca_components: 20
effective_neighbors: 4.6
max_weight: 0.2633
top5_weight_sum: 1.0
baseline_rmse: 0.11879393923933998
dataset_path: /home/kolya/ilya/seenx-ml/experiments/loo/kernel_baseline/kernel_baseline_dataset.csv
prediction_path: /home/kolya/ilya/seenx-ml/experiments/loo/kernel_baseline/holdout_prediction_vs_true.csv
spearman: 0.9999999999999999
pearson: 1.0
rmse: 0.11920015417536757
mae: 0.08428723733588436
spike_rmse: 0.16857447467176878
curvature_rmse: 0.0
=== Holdout Prediction vs True (2 points) ===
 point_idx  point_frac  plain_baseline pred_retention  pred_retention_norm  pred_score_raw true_retention abs_error
         0         0.0           1.000        1.00000             1.000000        1.000000        1.00000   0.00000
         1         1.0           0.438        0.43857             0.438574        0.438574        0.27000   0.16857
[OK] kernel_baseline (2s)
============================================================
[13/14] meta_ensemble
[OUT] experiments/loo/meta_ensemble
[LOG] experiments/_logs/loo_20260322_004627/meta_ensemble.log
[meta_ensemble] stage=oof folds=5 train=5 points=2
[meta_ensemble] fold 1/5 train=4 val=1
[meta_ensemble] fold 1/5 base=baseline
[meta_ensemble] fold 1/5 base=residual_huber
[meta_ensemble] fold 1/5 base=local_knn
[meta_ensemble] fold 1/5 done
[meta_ensemble] fold 2/5 train=4 val=1
[meta_ensemble] fold 2/5 base=baseline
[meta_ensemble] fold 2/5 base=residual_huber
[meta_ensemble] fold 2/5 base=local_knn
[meta_ensemble] fold 2/5 done
[meta_ensemble] fold 3/5 train=4 val=1
[meta_ensemble] fold 3/5 base=baseline
[meta_ensemble] fold 3/5 base=residual_huber
[meta_ensemble] fold 3/5 base=local_knn
[meta_ensemble] fold 3/5 done
[meta_ensemble] fold 4/5 train=4 val=1
[meta_ensemble] fold 4/5 base=baseline
[meta_ensemble] fold 4/5 base=residual_huber
[meta_ensemble] fold 4/5 base=local_knn
[meta_ensemble] fold 4/5 done
[meta_ensemble] fold 5/5 train=4 val=1
[meta_ensemble] fold 5/5 base=baseline
[meta_ensemble] fold 5/5 base=residual_huber
[meta_ensemble] fold 5/5 base=local_knn
[meta_ensemble] fold 5/5 done
[meta_ensemble] stage=meta_train points=2
[meta_ensemble] stage=holdout_base_models
[meta_ensemble] holdout base=baseline
[meta_ensemble] holdout base=residual_huber
[meta_ensemble] holdout base=local_knn
[meta_ensemble] stage=meta_predict points=2
=== Retention Meta-Ensemble LOO ===
videos_total_with_target: 83
videos_used: 6
train_videos: 5
curve_points: 2
test_video: 3PBo1GiAlbs
test_drive_file_id: 3PBo1GiAlbs
oof_folds: 5
meta_l2: 0.02
base_models: ['baseline', 'residual_huber', 'local_knn']
dataset_path: /home/kolya/ilya/seenx-ml/experiments/loo/meta_ensemble/meta_ensemble_dataset.csv
prediction_path: /home/kolya/ilya/seenx-ml/experiments/loo/meta_ensemble/holdout_prediction_vs_true.csv
spearman: 0.9999999999999999
pearson: 1.0
rmse: 0.11878004074292856
mae: 0.08399017227893918
spike_rmse: 0.16798034455787836
curvature_rmse: 0.0
=== Holdout Prediction vs True (2 points) ===
 point_idx  point_frac  base_baseline  base_residual_huber  base_local_knn pred_retention  pred_retention_norm  pred_score_raw true_retention abs_error
         0         0.0          1.000             1.000000        1.000000        1.00000              1.00000         1.00000        1.00000   0.00000
         1         1.0          0.438             0.420853        0.392959        0.43798              0.43798         0.43798        0.27000   0.16798
[OK] meta_ensemble (10s)
============================================================
[14/14] integration_penalty
[OUT] experiments/loo/integration_penalty
[LOG] experiments/_logs/loo_20260322_004627/integration_penalty.log
Baseline points:   0%|          | 0/2 [00:00<?, ?it/s]
Baseline points:   0%|          | 0/2 [00:00<?, ?it/s]
Traceback (most recent call last):
  File "/home/kolya/ilya/seenx-ml/train/train_retention_integration_penalty_loo.py", line 328, in <module>
    main()
  File "/home/kolya/ilya/seenx-ml/train/train_retention_integration_penalty_loo.py", line 324, in main
    run_experiment(args)
  File "/home/kolya/ilya/seenx-ml/train/train_retention_integration_penalty_loo.py", line 264, in run_experiment
    metrics = run_regressor(base_args)
              ^^^^^^^^^^^^^^^^^^^^^^^^
  File "/home/kolya/ilya/seenx-ml/train/train_retention_regressor_loo.py", line 218, in run_experiment
    model.fit(X_train, y_train)
  File "/home/kolya/ilya/seenx-ml/venv/lib/python3.12/site-packages/catboost/core.py", line 5873, in fit
    return self._fit(X, y, cat_features, text_features, embedding_features, None, graph, sample_weight, None, None, None, None, baseline,
           ^^^^^^^^^^^^^^^^^^^^^^^^^^^^^^^^^^^^^^^^^^^^^^^^^^^^^^^^^^^^^^^^^^^^^^^^^^^^^^^^^^^^^^^^^^^^^^^^^^^^^^^^^^^^^^^^^^^^^^^^^^^^^^
  File "/home/kolya/ilya/seenx-ml/venv/lib/python3.12/site-packages/catboost/core.py", line 2410, in _fit
    self._train(
  File "/home/kolya/ilya/seenx-ml/venv/lib/python3.12/site-packages/catboost/core.py", line 1790, in _train
    self._object._train(train_pool, test_pool, params, allow_clear_pool, init_model._object if init_model else None)
  File "_catboost.pyx", line 5023, in _catboost._CatBoost._train
  File "_catboost.pyx", line 5072, in _catboost._CatBoost._train
_catboost.CatBoostError: catboost/libs/metrics/metric.cpp:6935: All train targets are equal
[FAIL] integration_penalty (exit=1, 2s)
============================================================
[REPORT] Generating plots and leaderboard...
[report] Processing ad_peak_weighted...
  -> prediction plot: /home/kolya/ilya/seenx-ml/experiments/loo/ad_peak_weighted/prediction.png
  -> feature_importance: /home/kolya/ilya/seenx-ml/experiments/loo/ad_peak_weighted/feature_importance.png
[report] Processing blended_quantile...
  -> prediction plot: /home/kolya/ilya/seenx-ml/experiments/loo/blended_quantile/prediction.png
  -> feature_importance: /home/kolya/ilya/seenx-ml/experiments/loo/blended_quantile/feature_importance.png
[report] Processing conservative_catboost...
  -> prediction plot: /home/kolya/ilya/seenx-ml/experiments/loo/conservative_catboost/prediction.png
  -> feature_importance: /home/kolya/ilya/seenx-ml/experiments/loo/conservative_catboost/feature_importance.png
[report] Processing hybrid...
  -> prediction plot: /home/kolya/ilya/seenx-ml/experiments/loo/hybrid/prediction.png
[report] Processing integration_penalty...
[report] Processing kernel_baseline...
  -> prediction plot: /home/kolya/ilya/seenx-ml/experiments/loo/kernel_baseline/prediction.png
[report] Processing local_knn...
  -> prediction plot: /home/kolya/ilya/seenx-ml/experiments/loo/local_knn/prediction.png
[report] Processing meta_ensemble...
  -> prediction plot: /home/kolya/ilya/seenx-ml/experiments/loo/meta_ensemble/prediction.png
[report] Processing peak_weighted...
  -> prediction plot: /home/kolya/ilya/seenx-ml/experiments/loo/peak_weighted/prediction.png
  -> feature_importance: /home/kolya/ilya/seenx-ml/experiments/loo/peak_weighted/feature_importance.png
[report] Processing ranker...
[report] Processing regressor...
  -> prediction plot: /home/kolya/ilya/seenx-ml/experiments/loo/regressor/prediction.png
  -> feature_importance: /home/kolya/ilya/seenx-ml/experiments/loo/regressor/feature_importance.png
[report] Processing residual_huber...
  -> prediction plot: /home/kolya/ilya/seenx-ml/experiments/loo/residual_huber/prediction.png
  -> feature_importance: /home/kolya/ilya/seenx-ml/experiments/loo/residual_huber/feature_importance.png
[report] Processing residual_huber_smoke...
  -> prediction plot: /home/kolya/ilya/seenx-ml/experiments/loo/residual_huber_smoke/prediction.png
  -> feature_importance: /home/kolya/ilya/seenx-ml/experiments/loo/residual_huber_smoke/feature_importance.png
[report] Processing shape_only...
  -> prediction plot: /home/kolya/ilya/seenx-ml/experiments/loo/shape_only/prediction.png
[report] Processing shape_only_smoke...
  -> prediction plot: /home/kolya/ilya/seenx-ml/experiments/loo/shape_only_smoke/prediction.png
[report] Processing stacked...
  -> prediction plot: /home/kolya/ilya/seenx-ml/experiments/loo/stacked/prediction.png
[report] Leaderboard: /home/kolya/ilya/seenx-ml/experiments/loo/leaderboard.png
[report] Leaderboard CSV: /home/kolya/ilya/seenx-ml/experiments/loo/leaderboard.csv
== LOO Leaderboard (RMSE) ==
   1. ad_peak_weighted               RMSE=0.0870  MAE=0.0615
   2. local_knn                      RMSE=0.0935  MAE=0.0661
   3. peak_weighted                  RMSE=0.0938  MAE=0.0663
   4. regressor                      RMSE=0.0941  MAE=0.0804
   5. residual_huber                 RMSE=0.1051  MAE=0.0743
   6. conservative_catboost          RMSE=0.1116  MAE=0.0789
   7. meta_ensemble                  RMSE=0.1188  MAE=0.0840
   8. residual_huber_smoke           RMSE=0.1188  MAE=0.0840
   9. kernel_baseline                RMSE=0.1192  MAE=0.0843
  10. stacked                        RMSE=0.1194  MAE=0.0844
  11. blended_quantile               RMSE=0.1314  MAE=0.0929
  12. ranker                         RMSE=0.1909
  13. shape_only_smoke               RMSE=0.2309  MAE=0.1632
  14. shape_only                     RMSE=0.2998  MAE=0.2120
[DONE WITH FAILURES] 2/14 failed:
  - regressor
  - integration_penalty
Master log: experiments/_logs/loo_20260322_004627/all.log
