Default metric period is 5 because PFound, NDCG is/are not implemented for GPU
Metric PFound is not implemented on GPU. Will use CPU for metric computation, this could significantly affect learning time
Metric NDCG:top=2;type=Base is not implemented on GPU. Will use CPU for metric computation, this could significantly affect learning time
=== Retention Hybrid LOO ===
videos_total_with_target: 83
videos_used: 6
train_videos: 5
curve_points: 2
test_video: 3PBo1GiAlbs
test_drive_file_id: 3PBo1GiAlbs
ensemble_seeds: [42]
shape_ranker_weight: 0.7
shape_anchor_points: 1
level_anchor_points: 2
level_pred: 0.7062852829919706
level_true: 0.635
level_abs_error: 0.07128528299197057
tail_pred: 0.7018286120417088
tail_true: 0.635
tail_abs_error: 0.06682861204170876
use_tail_floor: 1
affine_calibration_enabled: 0
calib_alpha: 1.0
calib_beta: 0.0
spearman_abs: 0.9999999999999999
pearson_abs: 0.9999999999999998
rmse_abs: 0.36971693994042687
mae_abs: 0.36314009959234084
rmse_abs_uncalibrated: 0.36971693994042687
mae_abs_uncalibrated: 0.36314009959234084
spearman_shape: 0.9999999999999999
pearson_shape: 1.0
rmse_shape: 0.07400513567846075
mae_shape: 0.0523295332808701
dataset_path: /home/kolya/ilya/seenx-ml/experiments/loo/hybrid/hybrid_dataset.csv
prediction_path: /home/kolya/ilya/seenx-ml/experiments/loo/hybrid/holdout_prediction_vs_true.csv
ensemble_models_dir: /home/kolya/ilya/seenx-ml/experiments/loo/hybrid/ensemble_models
ensemble_models_count: 4
=== Holdout Prediction vs True (2 points) ===
 point_idx  point_frac pred_shape true_shape  pred_retention_uncalibrated pred_retention  pred_retention_norm  pred_score_raw true_retention abs_error  abs_error_uncalibrated shape_abs_error
         0         0.0    1.00000    1.00000                     0.706285        0.70629             0.706285        0.706285        1.00000   0.29371                0.293715         0.00000
         1         1.0    0.16534    0.27000                     0.702565        0.70257             0.702565        0.702565        0.27000   0.43257                0.432565         0.10466
