=== Retention Shape-Only LOO ===
videos_total_with_target: 83
videos_used: 6
train_videos: 5
curve_points: 2
test_video: 3PBo1GiAlbs
test_drive_file_id: 3PBo1GiAlbs
shape_anchor_points: 1
fixed_anchor_value: 1.0
delta_max_step: 0.18
curvature_max_step: 0.12
curvature_blend: 0.55
shape_max: 1.15
spike_sensitivity: 1.35
spike_threshold_quantile: 0.72
spike_max_amplify: 1.7
spearman: 0.9999999999999999
pearson: 1.0
rmse: 0.2998132752230961
mae: 0.21199999999999997
spike_rmse: 0.42399999999999993
curvature_rmse: 0.0
dataset_path: /home/kolya/ilya/seenx-ml/experiments/loo/shape_only/shape_only_dataset.csv
prediction_path: /home/kolya/ilya/seenx-ml/experiments/loo/shape_only/holdout_prediction_vs_true.csv
=== Holdout Prediction vs True (2 points) ===
 point_idx  point_frac  pred_shape_only pred_retention  pred_retention_norm  pred_score_raw true_retention abs_error
         0         0.0            1.000        1.00000                1.000           1.000        1.00000   0.00000
         1         1.0            0.694        0.69400                0.694           0.694        0.27000   0.42400
