============================================================
LOO Experiments Runner
============================================================
SNAPSHOT_DIR=data  CURVE_POINTS=20  SEED=42
ITERATIONS=700  LR=0.05  DEPTH=6
LOG: experiments/_logs/loo_20260322_001321
============================================================
[1/14] regressor
[OUT] experiments/loo/regressor
[LOG] experiments/_logs/loo_20260322_001321/regressor.log
Baseline points:   0%|          | 0/20 [00:00<?, ?it/s]
Baseline points:   5%|▌         | 1/20 [00:01<00:24,  1.31s/it]
Baseline points:  10%|█         | 2/20 [00:02<00:23,  1.30s/it]
Baseline points:  15%|█▌        | 3/20 [00:03<00:21,  1.29s/it]
Baseline points:  20%|██        | 4/20 [00:05<00:20,  1.29s/it]
Baseline points:  25%|██▌       | 5/20 [00:06<00:19,  1.29s/it]
Baseline points:  30%|███       | 6/20 [00:07<00:18,  1.30s/it]
Baseline points:  35%|███▌      | 7/20 [00:09<00:16,  1.29s/it]
Baseline points:  40%|████      | 8/20 [00:10<00:15,  1.28s/it]
Baseline points:  45%|████▌     | 9/20 [00:11<00:14,  1.28s/it]
Baseline points:  50%|█████     | 10/20 [00:12<00:12,  1.28s/it]
Baseline points:  55%|█████▌    | 11/20 [00:14<00:11,  1.28s/it]
Baseline points:  60%|██████    | 12/20 [00:15<00:10,  1.29s/it]
Baseline points:  65%|██████▌   | 13/20 [00:16<00:09,  1.29s/it]
Baseline points:  70%|███████   | 14/20 [00:18<00:07,  1.28s/it]
Baseline points:  75%|███████▌  | 15/20 [00:19<00:06,  1.27s/it]
Baseline points:  80%|████████  | 16/20 [00:20<00:05,  1.27s/it]
Baseline points:  85%|████████▌ | 17/20 [00:21<00:03,  1.27s/it]
Baseline points:  90%|█████████ | 18/20 [00:23<00:02,  1.28s/it]
Baseline points:  95%|█████████▌| 19/20 [00:24<00:01,  1.28s/it]
Baseline points: 100%|██████████| 20/20 [00:25<00:00,  1.28s/it]
Baseline points: 100%|██████████| 20/20 [00:25<00:00,  1.28s/it]
Delta points:   0%|          | 0/19 [00:00<?, ?it/s]
Delta points:   5%|▌         | 1/19 [00:01<00:26,  1.49s/it]
Delta points:  11%|█         | 2/19 [00:02<00:23,  1.38s/it]
Delta points:  16%|█▌        | 3/19 [00:04<00:21,  1.33s/it]
Delta points:  21%|██        | 4/19 [00:05<00:19,  1.32s/it]
Delta points:  26%|██▋       | 5/19 [00:06<00:18,  1.30s/it]
Delta points:  32%|███▏      | 6/19 [00:07<00:16,  1.29s/it]
Delta points:  37%|███▋      | 7/19 [00:09<00:15,  1.30s/it]
Delta points:  42%|████▏     | 8/19 [00:10<00:14,  1.28s/it]
Delta points:  47%|████▋     | 9/19 [00:11<00:12,  1.27s/it]
Delta points:  53%|█████▎    | 10/19 [00:12<00:11,  1.27s/it]
Delta points:  58%|█████▊    | 11/19 [00:14<00:10,  1.27s/it]
Delta points:  63%|██████▎   | 12/19 [00:15<00:08,  1.28s/it]
Delta points:  68%|██████▊   | 13/19 [00:16<00:07,  1.28s/it]
Delta points:  74%|███████▎  | 14/19 [00:18<00:06,  1.28s/it]
Delta points:  79%|███████▉  | 15/19 [00:19<00:05,  1.27s/it]
Delta points:  84%|████████▍ | 16/19 [00:20<00:03,  1.27s/it]
Delta points:  89%|████████▉ | 17/19 [00:21<00:02,  1.28s/it]
Delta points:  95%|█████████▍| 18/19 [00:23<00:01,  1.27s/it]
Delta points: 100%|██████████| 19/19 [00:24<00:00,  1.27s/it]
Delta points: 100%|██████████| 19/19 [00:24<00:00,  1.29s/it]
=== Retention Regressor LOO ===
videos_total_with_target: 83
videos_used: 83
train_videos: 82
curve_points: 20
test_video: Z6cbf9WN0c4
test_drive_file_id: Z6cbf9WN0c4
spearman: 0.8451127819548873
pearson: 0.909729836628565
rmse: 0.0979764212558373
mae: 0.08319537693273357
dataset_path: /home/kolya/ilya/seenx-ml/experiments/loo/regressor/regressor_dataset.csv
prediction_path: /home/kolya/ilya/seenx-ml/experiments/loo/regressor/holdout_prediction_vs_true.csv
point_models_dir: /home/kolya/ilya/seenx-ml/experiments/loo/regressor/point_models
point_models_count: 20
delta_models_count: 19
delta_blend: 0.65
delta_max_step: 0.25
=== Holdout Prediction vs True (20 points) ===
 point_idx  pred_retention_base  pred_retention_delta_curve pred_retention  pred_retention_norm  pred_score_raw true_retention abs_error
         0             0.999999                    0.999999        1.00000             0.999999        0.999999        1.00000   0.00000
         1             0.834961                    0.836899        0.83622             0.836221        0.836221        0.75553   0.08069
         2             0.800397                    0.797764        0.79869             0.798686        0.798686        0.52776   0.27092
         3             0.725410                    0.764531        0.75084             0.750839        0.750839        0.60118   0.14965
         4             0.727748                    0.724441        0.72560             0.725599        0.725599        0.69789   0.02770
         5             0.708371                    0.736550        0.72669             0.726687        0.726687        0.69276   0.03392
         6             0.738688                    0.738634        0.73865             0.738653        0.738653        0.66316   0.07549
         7             0.709445                    0.725088        0.71961             0.719613        0.719613        0.65250   0.06711
         8             0.703259                    0.708224        0.70649             0.706486        0.706486        0.63671   0.06978
         9             0.708422                    0.683859        0.69246             0.692456        0.692456        0.61974   0.07272
        10             0.677134                    0.676742        0.67688             0.676880        0.676880        0.59526   0.08162
        11             0.667712                    0.660963        0.66333             0.663325        0.663325        0.58500   0.07833
        12             0.655471                    0.649295        0.65146             0.651457        0.651457        0.56250   0.08896
        13             0.634817                    0.637582        0.63661             0.636614        0.636614        0.54750   0.08911
        14             0.624278                    0.619332        0.62106             0.621063        0.621063        0.54000   0.08106
        15             0.625388                    0.608480        0.61440             0.614398        0.614398        0.52539   0.08900
        16             0.623874                    0.599575        0.60808             0.608079        0.608079        0.52500   0.08308
        17             0.599101                    0.585712        0.59040             0.590398        0.590398        0.50250   0.08790
        18             0.571037                    0.568575        0.56944             0.569437        0.569437        0.48947   0.07996
        19             0.407429                    0.433515        0.42438             0.424385        0.424385        0.36750   0.05688
[OK] regressor (52s)
============================================================
[2/14] shape_only
[OUT] experiments/loo/shape_only
[LOG] experiments/_logs/loo_20260322_001321/shape_only.log
Traceback (most recent call last):
  File "/home/kolya/ilya/seenx-ml/train/train_retention_shape_only_loo.py", line 263, in <module>
    main()
  File "/home/kolya/ilya/seenx-ml/train/train_retention_shape_only_loo.py", line 259, in main
    run_experiment(args)
  File "/home/kolya/ilya/seenx-ml/train/train_retention_shape_only_loo.py", line 110, in run_experiment
    all_df, train_df, test_df = select_train_test(rows, args)
                                ^^^^^^^^^^^^^^^^^^^^^^^^^^^^^
  File "/home/kolya/ilya/seenx-ml/train/train_retention_regressor_loo.py", line 125, in select_train_test
    raise RuntimeError(
RuntimeError: Недостаточно видео с target retention: найдено 83, нужно 90
[FAIL] shape_only (exit=1, 2s)
============================================================
[3/14] local_knn
[OUT] experiments/loo/local_knn
[LOG] experiments/_logs/loo_20260322_001321/local_knn.log
Traceback (most recent call last):
  File "/home/kolya/ilya/seenx-ml/train/train_retention_local_knn_loo.py", line 416, in <module>
    main()
  File "/home/kolya/ilya/seenx-ml/train/train_retention_local_knn_loo.py", line 412, in main
    run_experiment(args)
  File "/home/kolya/ilya/seenx-ml/train/train_retention_local_knn_loo.py", line 296, in run_experiment
    all_df, train_df, test_df = select_train_test(rows, args)
                                ^^^^^^^^^^^^^^^^^^^^^^^^^^^^^
  File "/home/kolya/ilya/seenx-ml/train/train_retention_regressor_loo.py", line 125, in select_train_test
    raise RuntimeError(
RuntimeError: Недостаточно видео с target retention: найдено 83, нужно 90
[FAIL] local_knn (exit=1, 1s)
============================================================
[4/14] ranker
[OUT] experiments/loo/ranker
[LOG] experiments/_logs/loo_20260322_001321/ranker.log
=== Retention Ranker LOO ===
videos_total_with_target: 83
videos_used: 83
train_videos: 82
curve_points: 20
test_video: Z6cbf9WN0c4
spearman: 0.8466165413533834
pearson: 0.8938057710839589
rmse: 0.25518119224610547
dataset_path: /home/kolya/ilya/seenx-ml/experiments/loo/ranker/ranker_dataset.csv
prediction_path: /home/kolya/ilya/seenx-ml/experiments/loo/ranker/holdout_prediction_vs_true.csv
model_path: /home/kolya/ilya/seenx-ml/experiments/loo/ranker/catboost_ranker.cbm
=== Holdout Prediction vs True (20 points) ===
 point_idx pred_score_raw pred_retention_norm true_retention
         0       15.05030             1.00000        1.00000
         1        9.44992             0.76427        0.75553
         2        6.11368             0.62383        0.52776
         3        3.17464             0.50012        0.60118
         4        2.08127             0.45410        0.69789
         5        1.96440             0.44918        0.69276
         6        2.12195             0.45581        0.66316
         7        1.93930             0.44812        0.65250
         8        1.32468             0.42225        0.63671
         9        0.32179             0.38004        0.61974
        10       -0.33161             0.35253        0.59526
        11       -1.17819             0.31690        0.58500
        12       -1.83134             0.28941        0.56250
        13       -2.42004             0.26463        0.54750
        14       -3.00666             0.23993        0.54000
        15       -3.62721             0.21381        0.52539
        16       -4.26605             0.18692        0.52500
        17       -5.01874             0.15524        0.50250
        18       -5.75522             0.12424        0.48947
        19       -8.70681             0.00000        0.36750
[OK] ranker (4s)
============================================================
[5/14] hybrid
[OUT] experiments/loo/hybrid
[LOG] experiments/_logs/loo_20260322_001321/hybrid.log
=== Retention Hybrid LOO ===
videos_total_with_target: 83
videos_used: 83
train_videos: 82
curve_points: 20
test_video: Z6cbf9WN0c4
test_drive_file_id: Z6cbf9WN0c4
ensemble_seeds: [42]
shape_ranker_weight: 0.7
shape_anchor_points: 1
level_anchor_points: 2
level_pred: 0.9122768066546744
level_true: 0.8777631578947368
level_abs_error: 0.034513648759937565
tail_pred: 0.5056358768794735
tail_true: 0.4284868421052631
tail_abs_error: 0.07714903477421042
use_tail_floor: 1
affine_calibration_enabled: 0
calib_alpha: 1.0
calib_beta: 0.0
spearman_abs: 0.837593984962406
pearson_abs: 0.9094111195392576
rmse_abs: 0.11622819304235918
mae_abs: 0.10552984958072383
rmse_abs_uncalibrated: 0.11622819304235918
mae_abs_uncalibrated: 0.10552984958072383
spearman_shape: 0.837593984962406
pearson_shape: 0.9094111195392575
rmse_shape: 0.15189158101519606
mae_shape: 0.1389590052552309
dataset_path: /home/kolya/ilya/seenx-ml/experiments/loo/hybrid/hybrid_dataset.csv
prediction_path: /home/kolya/ilya/seenx-ml/experiments/loo/hybrid/holdout_prediction_vs_true.csv
ensemble_models_dir: /home/kolya/ilya/seenx-ml/experiments/loo/hybrid/ensemb