=== Retention Hybrid LOO ===
videos_total_with_target: 83
videos_used: 83
train_videos: 82
curve_points: 20
test_video: Z6cbf9WN0c4
test_drive_file_id: Z6cbf9WN0c4
ensemble_seeds: [42]
shape_ranker_weight: 0.7
shape_anchor_points: 1
level_anchor_points: 2
level_pred: 0.9122768066546744
level_true: 0.8777631578947368
level_abs_error: 0.034513648759937565
tail_pred: 0.5056358768794735
tail_true: 0.4284868421052631
tail_abs_error: 0.07714903477421042
use_tail_floor: 1
affine_calibration_enabled: 0
calib_alpha: 1.0
calib_beta: 0.0
spearman_abs: 0.837593984962406
pearson_abs: 0.9094111195392576
rmse_abs: 0.11622819304235918
mae_abs: 0.10552984958072383
rmse_abs_uncalibrated: 0.11622819304235918
mae_abs_uncalibrated: 0.10552984958072383
spearman_shape: 0.837593984962406
pearson_shape: 0.9094111195392575
rmse_shape: 0.15189158101519606
mae_shape: 0.1389590052552309
dataset_path: /home/kolya/ilya/seenx-ml/experiments/loo/hybrid/hybrid_dataset.csv
prediction_path: /home/kolya/ilya/seenx-ml/experiments/loo/hybrid/holdout_prediction_vs_true.csv
ensemble_models_dir: /home/kolya/ilya/seenx-ml/experiments/loo/hybrid/ensemble_models
ensemble_models_count: 4
=== Holdout Prediction vs True (20 points) ===
 point_idx  point_frac pred_shape true_shape  pred_retention_uncalibrated pred_retention  pred_retention_norm  pred_score_raw true_retention abs_error  abs_error_uncalibrated shape_abs_error
         0    0.000000    1.00000    1.00000                     0.912277        0.91228             0.912277        0.912277        1.00000   0.08772                0.087723         0.00000
         1    0.052632    0.77523    0.75553                     0.820874        0.82087             0.820874        0.820874        0.75553   0.06535                0.065348         0.01970
         2    0.105263    0.66141    0.52776                     0.774591        0.77459             0.774591        0.774591        0.52776   0.24683                0.246828         0.13364
         3    0.157895    0.56921    0.60118                     0.737102        0.73710             0.737102        0.737102        0.60118   0.13592                0.135917         0.03197
         4    0.210526    0.52674    0.69789                     0.719831        0.71983             0.719831        0.719831        0.69789   0.02194                0.021936         0.17115
         5    0.263158    0.54287    0.69276                     0.726388        0.72639             0.726388        0.726388        0.69276   0.03362                0.033625         0.14990
         6    0.315789    0.55606    0.66316                     0.731752        0.73175             0.731752        0.731752        0.66316   0.06859                0.068594         0.10710
         7    0.368421    0.54422    0.65250                     0.726938        0.72694             0.726938        0.726938        0.65250   0.07444                0.074438         0.10828
         8    0.421053    0.51348    0.63671                     0.714436        0.71444             0.714436        0.714436        0.63671   0.07773                0.077726         0.12323
         9    0.473684    0.48526    0.61974                     0.702963        0.70296             0.702963        0.702963        0.61974   0.08323                0.083226         0.13448
        10    0.526316    0.46002    0.59526                     0.692698        0.69270             0.692698        0.692698        0.59526   0.09744                0.097435         0.13524
        11    0.578947    0.43403    0.58500                     0.682131        0.68213             0.682131        0.682131        0.58500   0.09713                0.097131         0.15097
        12    0.631579    0.41309    0.56250                     0.673614        0.67361             0.673614        0.673614        0.56250   0.11111                0.111114         0.14941
        13    0.684211    0.39070    0.54750                     0.664511        0.66451             0.664511        0.664511        0.54750   0.11701                0.117011         0.15680
        14    0.736842    0.36825    0.54000                     0.655383        0.65538             0.655383        0.655383        0.54000   0.11538                0.115383         0.17175
        15    0.789474    0.34774    0.52539                     0.647041        0.64704             0.647041        0.647041        0.52539   0.12165                0.121646         0.17766
        16    0.842105    0.32341    0.52500                     0.637148        0.63715             0.637148        0.637148        0.52500   0.11215                0.112148         0.20159
        17    0.894737    0.30125    0.50250                     0.628137        0.62814             0.628137        0.628137        0.50250   0.12564                0.125637         0.20125
        18    0.947368    0.27171    0.48947                     0.616124        0.61612             0.616124        0.616124        0.48947   0.12665                0.126650         0.21777
        19    1.000000    0.13020    0.36750                     0.558580        0.55858             0.558580        0.558580        0.36750   0.19108                0.191080         0.23730
