[dataset] files_discovered=87 rows=83 cols=64
[dataset] saved=experiments/catboost_exp/v1b_llm_retention_mid/video_features_dataset.csv
0:	learn: 0.1137074	test: 0.1100629	best: 0.1100629 (0)	total: 45.9ms	remaining: 27.5s
100:	learn: 0.0379995	test: 0.1096981	best: 0.1067617 (36)	total: 62.2ms	remaining: 307ms
200:	learn: 0.0098233	test: 0.1088853	best: 0.1067617 (36)	total: 77.5ms	remaining: 154ms
300:	learn: 0.0026871	test: 0.1090408	best: 0.1067617 (36)	total: 92.7ms	remaining: 92.1ms
400:	learn: 0.0007820	test: 0.1092011	best: 0.1067617 (36)	total: 109ms	remaining: 54.3ms
500:	learn: 0.0002046	test: 0.1092153	best: 0.1067617 (36)	total: 126ms	remaining: 24.9ms
599:	learn: 0.0000677	test: 0.1092087	best: 0.1067617 (36)	total: 142ms	remaining: 0us
bestTest = 0.1067617357
bestIteration = 36
Shrink model to first 37 iterations.
[train] done
[train] rows_train=67
[train] rows_eval=16
[train] n_features=38
[train] train_rmse=0.07385549120769533
[train] model_path=experiments/catboost_exp/v1b_llm_retention_mid/catboost_regressor.cbm
[train] eval_rmse=0.10676173159212579
[train] report -> experiments/catboost_exp/v1b_llm_retention_mid
