============================================================
LOO Experiments Runner
============================================================
SNAPSHOT_DIR=data  CURVE_POINTS=20  SEED=42
ITERATIONS=700  LR=0.05  DEPTH=6
LOG: experiments/_logs/loo_20260322_002556
============================================================
[1/14] regressor
[OUT] experiments/loo/regressor
[LOG] experiments/_logs/loo_20260322_002556/regressor.log
Baseline points:   0%|          | 0/20 [00:00<?, ?it/s]
Baseline points:   5%|▌         | 1/20 [00:08<02:39,  8.41s/it]
Baseline points:  10%|█         | 2/20 [00:12<01:50,  6.13s/it]
Baseline points:  15%|█▌        | 3/20 [00:17<01:31,  5.40s/it]
Baseline points:  20%|██        | 4/20 [00:22<01:20,  5.06s/it]
Baseline points:  25%|██▌       | 5/20 [00:26<01:13,  4.87s/it]
Baseline points:  30%|███       | 6/20 [00:31<01:06,  4.75s/it]
Baseline points:  35%|███▌      | 7/20 [00:35<01:00,  4.68s/it]
Baseline points:  40%|████      | 8/20 [00:40<00:55,  4.64s/it]
Baseline points:  45%|████▌     | 9/20 [00:44<00:50,  4.61s/it]
Baseline points:  50%|█████     | 10/20 [00:49<00:45,  4.59s/it]
Baseline points:  55%|█████▌    | 11/20 [00:53<00:41,  4.57s/it]
Baseline points:  60%|██████    | 12/20 [01:00<00:42,  5.37s/it]
Baseline points:  65%|██████▌   | 13/20 [01:05<00:35,  5.13s/it]
Baseline points:  70%|███████   | 14/20 [01:10<00:29,  4.95s/it]
Baseline points:  75%|███████▌  | 15/20 [01:14<00:24,  4.83s/it]
Baseline points:  80%|████████  | 16/20 [01:19<00:18,  4.74s/it]
Baseline points:  85%|████████▌ | 17/20 [01:23<00:14,  4.68s/it]
Baseline points:  90%|█████████ | 18/20 [01:29<00:09,  4.94s/it]
Baseline points:  95%|█████████▌| 19/20 [01:33<00:04,  4.82s/it]
Baseline points: 100%|██████████| 20/20 [01:38<00:00,  4.74s/it]
Baseline points: 100%|██████████| 20/20 [01:38<00:00,  4.92s/it]
Delta points:   0%|          | 0/19 [00:00<?, ?it/s]
Delta points:   5%|▌         | 1/19 [00:04<01:21,  4.53s/it]
Delta points:  11%|█         | 2/19 [00:09<01:16,  4.52s/it]
Delta points:  16%|█▌        | 3/19 [00:13<01:12,  4.54s/it]
Delta points:  21%|██        | 4/19 [00:18<01:07,  4.53s/it]
Delta points:  26%|██▋       | 5/19 [00:22<01:03,  4.52s/it]
Delta points:  32%|███▏      | 6/19 [00:27<00:58,  4.53s/it]
Delta points:  37%|███▋      | 7/19 [00:31<00:54,  4.52s/it]
Delta points:  42%|████▏     | 8/19 [00:36<00:49,  4.51s/it]
Delta points:  47%|████▋     | 9/19 [00:40<00:45,  4.50s/it]
Delta points:  53%|█████▎    | 10/19 [00:45<00:40,  4.51s/it]
Delta points:  58%|█████▊    | 11/19 [00:49<00:36,  4.51s/it]
Delta points:  63%|██████▎   | 12/19 [00:54<00:31,  4.50s/it]
Delta points:  68%|██████▊   | 13/19 [00:58<00:27,  4.50s/it]
Delta points:  74%|███████▎  | 14/19 [01:03<00:22,  4.51s/it]
Delta points:  79%|███████▉  | 15/19 [01:07<00:18,  4.50s/it]
Delta points:  84%|████████▍ | 16/19 [01:12<00:13,  4.49s/it]
Delta points:  89%|████████▉ | 17/19 [01:17<00:09,  4.64s/it]
Delta points:  95%|█████████▍| 18/19 [01:21<00:04,  4.60s/it]
Delta points: 100%|██████████| 19/19 [01:26<00:00,  4.58s/it]
Delta points: 100%|██████████| 19/19 [01:26<00:00,  4.54s/it]
=== Retention Regressor LOO ===
videos_total_with_target: 83
videos_used: 83
train_videos: 82
curve_points: 20
test_video: Z6cbf9WN0c4
test_drive_file_id: Z6cbf9WN0c4
spearman: 0.8556390977443609
pearson: 0.9207892141344932
rmse: 0.09408837344104251
mae: 0.08039602508692036
dataset_path: /home/kolya/ilya/seenx-ml/experiments/loo/regressor/regressor_dataset.csv
prediction_path: /home/kolya/ilya/seenx-ml/experiments/loo/regressor/holdout_prediction_vs_true.csv
point_models_dir: /home/kolya/ilya/seenx-ml/experiments/loo/regressor/point_models
point_models_count: 20
delta_models_count: 19
delta_blend: 0.65
delta_max_step: 0.25
=== Holdout Prediction vs True (20 points) ===
 point_idx  pred_retention_base  pred_retention_delta_curve pred_retention  pred_retention_norm  pred_score_raw true_retention abs_error
         0             1.000000                    1.000000        1.00000             1.000000        1.000000        1.00000   0.00000
         1             0.838501                    0.833855        0.83548             0.835481        0.835481        0.75553   0.07995
         2             0.793398                    0.769154        0.77764             0.777639        0.777639        0.52776   0.24988
         3             0.723467                    0.707189        0.71289             0.712886        0.712886        0.60118   0.11170
         4             0.723365                    0.690155        0.70178             0.701778        0.701778        0.69789   0.00388
         5             0.752852                    0.713790        0.72746             0.727461        0.727461        0.69276   0.03470
         6             0.767337                    0.717876        0.73519             0.735188        0.735188        0.66316   0.07203
         7             0.724041                    0.710207        0.71505             0.715049        0.715049        0.65250   0.06255
         8             0.661155                    0.704006        0.68901             0.689008        0.689008        0.63671   0.05230
         9             0.672204                    0.684906        0.68046             0.680460        0.680460        0.61974   0.06072
        10             0.692655                    0.679596        0.68417             0.684167        0.684167        0.59526   0.08890
        11             0.683889                    0.662645        0.67008             0.670080        0.670080        0.58500   0.08508
        12             0.681416                    0.653334        0.66316             0.663163        0.663163        0.56250   0.10066
        13             0.648573                    0.642175        0.64441             0.644415        0.644415        0.54750   0.09691
        14             0.646527                    0.622894        0.63117             0.631165        0.631165        0.54000   0.09117
        15             0.621784                    0.617318        0.61888             0.618881        0.618881        0.52539   0.09349
        16             0.625784                    0.607264        0.61375             0.613746        0.613746        0.52500   0.08875
        17             0.604533                    0.591077        0.59579             0.595787        0.595787        0.50250   0.09329
        18             0.583339                    0.575410        0.57819             0.578185        0.578185        0.48947   0.08871
        19             0.432656                    0.414337        0.42075             0.420749        0.420749        0.36750   0.05325
[OK] regressor (187s)
============================================================
[2/14] shape_only
[OUT] experiments/loo/shape_only
[LOG] experiments/_logs/loo_20260322_002556/shape_only.log
Traceback (most recent call last):
  File "/home/kolya/ilya/seenx-ml/train/train_retention_shape_only_loo.py", line 265, in <module>
    main()
  File "/home/kolya/ilya/seenx-ml/train/train_retention_shape_only_loo.py", line 261, in main
    run_experiment(args)
  File "/home/kolya/ilya/seenx-ml/train/train_retention_shape_only_loo.py", line 112, in run_experiment
    all_df, train_df, test_df = select_train_test(rows, args)
                                ^^^^^^^^^^^^^^^^^^^^^^^^^^^^^
  File "/home/kolya/ilya/seenx-ml/train/train_retention_regressor_loo.py", line 127, in select_train_test
    raise RuntimeError(
RuntimeError: Недостаточно видео с target retention: найдено 83, нужно 90
[FAIL] shape_only (exit=1, 1s)
============================================================
[3/14] local_knn
[OUT] experiments/loo/local_knn
[LOG] experiments/_logs/loo_20260322_002556/local_knn.log
Traceback (most recent call last):
  File "/home/kolya/ilya/seenx-ml/train/train_retention_local_knn_loo.py", line 416, in <module>
    main()
  File "/home/kolya/ilya/seenx-ml/train/train_retention_local_knn_loo.py", line 412, in main
    run_experiment(args)
  File "/home/kolya/ilya/seenx-ml/train/train_retention_local_knn_loo.py", line 296, in run_experiment
    all_df, train_df, test_df = select_train_test(rows, args)
                                ^^^^^^^^^^^^^^^^^^^^^^^^^^^^^
  File "/home/kolya/ilya/seenx-ml/train/train_retention_regressor_loo.py", line 127, in select_train_test
    raise RuntimeError(
RuntimeError: Недостаточно видео с target retention: найдено 83, нужно 90
[FAIL] local_knn (exit=1, 2s)
============================================================
[4/14] ranker
[OUT] experiments/loo/ranker
[LOG] experiments/_logs/loo_20260322_002556/ranker.log
Default metric period is 5 because PFound, NDCG is/are not implemented for GPU
Metric PFound is not implemented on GPU. Will use CPU for metric computation, this could significantly affect learning time
Metric NDCG:top=20;type=Base is not implemented on GPU. Will use CPU for metric computation, this could significantly affect learning time
=== Retention Ranker LOO ===
videos_total_with_target: 83
videos_used: 83
train_videos: 82
curve_points: 20
test_video: Z6cbf9WN0c4
spearman: 0.849624060150376
pearson: 0.8973259168473954
rmse: 0.23580069084936225
dataset_path: /home/kolya/ilya/seenx-ml/experiments/loo/ranker/ranker_dataset.csv
prediction_path: /home/kolya/ilya/seenx-ml/experiments/loo/ranker/holdout_prediction_vs_true.csv
model_path: /home/kolya/ilya/seenx-ml/experiments/loo/ranker/catboost_ranker.cbm
=== Holdout Prediction vs True (20 points) ===
 point_idx pred_score_raw pred_retention_norm true_retention
         0        3.78497             1.00000        1.00000
         1        1.72086             0.74005        0.75553
         2        0.99716             0.64891        0.52776
         3        0.07513             0.53279        0.60118
         4       -0.08525             0.51259        0.69789
         5       -0.18083             0.50056        0.69276
         6       -0.14155             0.50550        0.66316
         7       -0.28046             0.48801        0.65250
         8       -0.53289             0.45622        0.63671
         9       -0.83686             0.41794        0.61974
        10       -1.07090             0.38846        0.59526
        11       -1.34899             0.35344        0.58500
        12       -1.67501             0.31238        0.56250
        13       -1.92130             0.28137        0.54750
        14       -2.15750             0.25162        0.54000
        15       -2.38432             0.22305        0.52539
        16       -2.65455             0.18902        0.52500
        17       -2.85738             0.16348        0.50250
        18       -3.11779             0.13068        0.48947
        19       -4.15546             0.00000        0.36750
[OK] ranker (8s)
============================================================
[5/14] hybrid
[OUT] experiments/loo/hybrid
[LOG] experiments/_logs/loo_20260322_002556/hybrid.log
Default metric period is 5 because PFound, NDCG is/are not implemented for GPU
Metric PFound is not implemented on GPU. Will use CPU for metric computation, this could significantly affect learning time
Metric NDCG:top=20;type=Base is not implemented on GPU. Will use CPU for metric computation, this could significantly affect learning time
=== Retention Hybrid LOO ===
videos_total_with_target: 83
videos_used: 83
train_videos: 82
curve_points: 20
test_video: Z6cbf9WN0c4
test_drive_file_id: Z6cbf9WN0c4
ensemble_seeds: [42]
shape_ranker_weight: 0.7
shape_anchor_points: 1
level_anchor_points: 2
level_pred: 0.9284205825837468
level_true: 0.8777631578947368
level_abs_error: 0.05065742468901002
tail_pred: 0.5321002222441926
tail_true: 0.4284868421052631
tail_abs_error: 0.10361338013892951
use_tail_floor: 1
affine_calibration_enabled: 0
calib_alpha: 1.0
calib_beta: 0.0
spearman_abs: 0.849624060150376
pearson_abs: 0.8975934590043778
rmse_abs: 0.14177408218903573
mae_abs: 0.1326892825636037
rmse_abs_uncalibrated: 0.14177408218903573
mae_abs_uncalibrated: 0.1326892825636037
spearman_shape: 0.849624060150376
pearson_shape: 0.8975934590043776
rmse_shape: 0.142420285074844
mae_shape: 0.1272616660725807
dataset_path: /home/kolya/ilya/seenx-ml/experiments/loo/hybrid/hybrid_dataset.csv
prediction_path: /home/kolya/ilya/seenx-ml/experiments/loo/hybrid/holdout_prediction_vs_true.csv
ensemble_models_dir: /home/kolya/ilya/seenx-ml/experiments/loo/hybrid/ensemble_models
ensemble_models_count: 4
=== Holdout Prediction vs True (20 points) ===
 point_idx  point_frac pred_shape true_shape  pred_retention_uncalibrated pred_retention  pred_retention_norm  pred_score_raw true_retention abs_error  abs_error_uncalibrated shape_abs_error
         0    0.000000    1.00000    1.00000                     0.928421        0.92842             0.928421        0.928421        1.00000   0.07158                0.071579         0.00000
         1    0.052632    0.78544    0.75553                     0.843385        0.84338             0.843385        0.843385        0.75553   0.08786                0.087858         0.02991
         2    0.105263    0.70654    0.52776                     0.812115        0.81212             0.812115        0.812115        0.52776   0.28435                0.284352         0.17877
         3    0.157895    0.61233    0.60118                     0.774780        0.77478             0.774780        0.774780        0.60118   0.17360                0.173596         0.01115
         4    0.210526    0.59253    0.69789                     0.766934        0.76693             0.766934        0.766934        0.69789   0.06904                0.069039         0.10536
         5    0.263158    0.57554    0.69276                     0.760197        0.76020             0.760197        0.760197        0.69276   0.06743                0.067434         0.11723
         6    0.315789    0.57570    0.66316                     0.760264        0.76026             0.760264        0.760264        0.66316   0.09711                0.097106         0.08745
         7    0.368421    0.56389    0.65250                     0.755583        0.75558             0.755583        0.755583        0.65250   0.10308                0.103083         0.08861
         8    0.421053    0.53730    0.63671                     0.745045        0.74505             0.745045        0.745045        0.63671   0.10833                0.108335         0.09941
         9    0.473684    0.51130    0.61974                     0.734737        0.73474             0.734737        0.734737        0.61974   0.11500                0.115000         0.10844
        10    0.526316    0.48915    0.59526                     0.725959        0.72596             0.725959        0.725959        0.59526   0.13070                0.130696         0.10612
        11    0.578947    0.45849    0.58500                     0.713808        0.71381             0.713808        0.713808        0.58500   0.12881                0.128808         0.12651
        12    0.631579    0.42174    0.56250                     0.699245        0.69925             0.699245        0.699245        0.56250   0.13675                0.136745         0.14076
        13    0.684211    0.39751    0.54750                     0.689643        0.68964             0.689643        0.689643        0.54750   0.14214                0.142143         0.14999
        14    0.736842    0.36958    0.54000                     0.678572        0.67857             0.678572        0.678572        0.54000   0.13857                0.138572         0.17042
        15    0.789474    0.35004    0.52539                     0.670829        0.67083             0.670829        0.670829        0.52539   0.14543                0.145434         0.17535
        16    0.842105    0.32477    0.52500                     0.660811        0.66081             0.660811        0.660811        0.52500   0.13581                0.135811         0.20023
        17    0.894737    0.30235    0.50250                     0.651928        0.65193             0.651928        0.651928        0.50250   0.14943                0.149428         0.20015
        18    0.947368    0.27524    0.48947                     0.641183        0.64118             0.641183        0.641183        0.48947   0.15171                0.151709         0.21424
        19    1.000000    0.13236    0.36750                     0.584556        0.58456             0.584556        0.584556        0.36750   0.21706                0.217056         0.23514
[OK] hybrid (21s)
============================================================
[6/14] stacked
[OUT] experiments/loo/stacked
[LOG] experiments/_logs/loo_20260322_002556/stacked.log
Traceback (most recent call last):
  File "/home/kolya/ilya/seenx-ml/train/train_retention_stacked_loo.py", line 435, in <module>
    main()
  File "/home/kolya/ilya/seenx-ml/train/train_retention_stacked_loo.py", line 431, in main
    run_experiment(args)
  File "/home/kolya/ilya/seenx-ml/train/train_retention_stacked_loo.py", line 278, in run_experiment
    pred_abs = _fit_pointwise_predict(
               ^^^^^^^^^^^^^^^^^^^^^^^
  File "/home/kolya/ilya/seenx-ml/train/train_retention_stacked_loo.py", line 90, in _fit_pointwise_predict
    task_type=getattr(args, "task_type", "GPU"),
                      ^^^^
NameError: name 'args' is not defined
[FAIL] stacked (exit=1, 1s)
============================================================
[7/14] conservative_catboost
[OUT] experiments/loo/conservative_catboost
[LOG] experiments/_logs/loo_20260322_002556/conservative_catboost.log
[conservative_cb] stage=train points=20 iter=150 depth=4 l2=10.0
[conservative_cb][point] 1/20
[conservative_cb][point] 2/20
[conservative_cb][point] 3/20
[conservative_cb][point] 4/20
[conservative_cb][point] 5/20
[conservative_cb][point] 6/20
[conservative_cb][point] 7/20
[conservative_cb][point] 8/20
[conservative_cb][point] 9/20
[conservative_cb][point] 10/20
[conservative_cb][point] 11/20
[conservative_cb][point] 12/20
[conservative_cb][point] 13/20
[conservative_cb][point] 14/20
[conservative_cb][point] 15/20
[conservative_cb][point] 16/20
[conservative_cb][point] 17/20
[conservative_cb][point] 18/20
[conservative_cb][point] 19/20
[conservative_cb][point] 20/20
=== Retention Conservative-CatBoost LOO ===
videos_total_with_target: 83
videos_used: 83
train_videos: 82
curve_points: 20
test_video: Z6cbf9WN0c4
test_drive_file_id: Z6cbf9WN0c4
iterations: 150
learning_rate: 0.03
depth: 4
l2_leaf_reg: 10.0
model_count: 20
baseline_rmse: 0.07875314774557045
dataset_path: /home/kolya/ilya/seenx-ml/experiments/loo/conservative_catboost/conservative_catboost_dataset.csv
prediction_path: /home/kolya/ilya/seenx-ml/experiments/loo/conservative_catboost/holdout_prediction_vs_true.csv
models_dir: /home/kolya/ilya/seenx-ml/experiments/loo/conservative_catboost/point_models
spearman: 0.8481203007518796
pearson: 0.9141468254626732
rmse: 0.08874155588764943
mae: 0.07295212733715056
spike_rmse: 0.06046699816796739
curvature_rmse: 0.08344910382654079
=== Holdout Prediction vs True (20 points) ===
 point_idx  baseline_value pred_retention  pred_retention_norm  pred_score_raw true_retention abs_error
         0        0.999970        1.00000             0.999999        0.999999        1.00000   0.00000
         1        0.814674        0.82986             0.829862        0.829862        0.75553   0.07434
         2        0.773569        0.78363             0.783625        0.783625        0.52776   0.25586
         3        0.730701        0.73378             0.733783        0.733783        0.60118   0.13260
         4        0.721670        0.72328             0.723277        0.723277        0.69789   0.02538
         5        0.705409        0.71880             0.718797        0.718797        0.69276   0.02603
         6        0.695300        0.71382             0.713818        0.713818        0.66316   0.05066
         7        0.687583        0.70975             0.709747        0.709747        0.65250   0.05725
         8        0.674225        0.67402             0.674017        0.674017        0.63671   0.03731
         9        0.664814        0.68299             0.682988        0.682988        0.61974   0.06325
        10        0.654897        0.66765             0.667651        0.667651        0.59526   0.07239
        11        0.639979        0.65582             0.655824        0.655824        0.58500   0.07082
        12        0.623858        0.63245             0.632448        0.632448        0.56250   0.06995
        13        0.613330        0.63688             0.636878        0.636878        0.54750   0.08938
        14        0.602811        0.61584             0.615838        0.615838        0.54000   0.07584
        15        0.593415        0.61287             0.612869        0.612869        0.52539   0.08747
        16        0.582728        0.60106             0.601065        0.601065        0.52500   0.07606
        17        0.571242        0.59350             0.593499        0.593499        0.50250   0.09100
        18        0.553402        0.55555             0.555547        0.555547        0.48947   0.06607
        19        0.406555        0.40488             0.404879        0.404879        0.36750   0.03738
[OK] conservative_catboost (9s)
============================================================
[8/14] ad_peak_weighted
[OUT] experiments/loo/ad_peak_weighted
[LOG] experiments/_logs/loo_20260322_002556/ad_peak_weighted.log
Training points:   0%|          | 0/20 [00:00<?, ?it/s]
Training points:   5%|▌         | 1/20 [00:06<02:07,  6.73s/it]
Training points:  10%|█         | 2/20 [00:11<01:37,  5.43s/it]
Training points:  15%|█▌        | 3/20 [00:15<01:25,  5.00s/it]
Training points:  20%|██        | 4/20 [00:20<01:16,  4.81s/it]
Training points:  25%|██▌       | 5/20 [00:24<01:10,  4.69s/it]
Training points:  30%|███       | 6/20 [00:29<01:04,  4.62s/it]
Training points:  35%|███▌      | 7/20 [00:33<00:59,  4.59s/it]
Training points:  40%|████      | 8/20 [00:38<00:54,  4.56s/it]
Training points:  45%|████▌     | 9/20 [00:42<00:50,  4.55s/it]
Training points:  50%|█████     | 10/20 [00:47<00:45,  4.54s/it]
Training points:  55%|█████▌    | 11/20 [00:51<00:40,  4.53s/it]
Training points:  60%|██████    | 12/20 [00:56<00:36,  4.52s/it]
Training points:  65%|██████▌   | 13/20 [01:00<00:31,  4.51s/it]
Training points:  70%|███████   | 14/20 [01:05<00:27,  4.52s/it]
Training points:  75%|███████▌  | 15/20 [01:09<00:22,  4.52s/it]
Training points:  80%|████████  | 16/20 [01:14<00:18,  4.52s/it]
Training points:  85%|████████▌ | 17/20 [01:18<00:13,  4.52s/it]
Training points:  90%|█████████ | 18/20 [01:23<00:09,  4.53s/it]
Training points:  95%|█████████▌| 19/20 [01:27<00:04,  4.53s/it]
Training points: 100%|██████████| 20/20 [01:32<00:00,  4.54s/it]
Training points: 100%|██████████| 20/20 [01:32<00:00,  4.63s/it]
=== Retention Ad-Peak-Weighted LOO ===
videos_total_with_target: 83
videos_used: 83
train_videos: 82
curve_points: 20
test_video: Z6cbf9WN0c4
test_drive_file_id: Z6cbf9WN0c4
weight_slope_alpha: 1.4
weight_curvature_alpha: 0.9
weight_ad_alpha: 1.2
weight_max: 6.0
integration_max_drop: 0.1
integration_strength_power: 1.0
integration_active_threshold: 0.5
dataset_path: /home/kolya/ilya/seenx-ml/experiments/loo/ad_peak_weighted/ad_peak_weighted_dataset.csv
prediction_path: /home/kolya/ilya/seenx-ml/experiments/loo/ad_peak_weighted/holdout_prediction_vs_true.csv
models_dir: /home/kolya/ilya/seenx-ml/experiments/loo/ad_peak_weighted/point_models
spearman: 0.8360902255639097
pearson: 0.9077711595210103
rmse: 0.09959751448213056
mae: 0.08472715310387671
spike_rmse: 0.06727149288240393
curvature_rmse: 0.0981485049827963
[OK] ad_peak_weighted (95s)
============================================================
[9/14] peak_weighted
[OUT] experiments/loo/peak_weighted
[LOG] experiments/_logs/loo_20260322_002556/peak_weighted.log
Training points:   0%|          | 0/20 [00:00<?, ?it/s]
Training points:   5%|▌         | 1/20 [00:06<02:06,  6.68s/it]
Training points:  10%|█         | 2/20 [00:11<01:37,  5.41s/it]
Training points:  15%|█▌        | 3/20 [00:15<01:25,  5.00s/it]
Training points:  20%|██        | 4/20 [00:20<01:16,  4.79s/it]
Training points:  25%|██▌       | 5/20 [00:24<01:10,  4.68s/it]
Training points:  30%|███       | 6/20 [00:29<01:04,  4.62s/it]
Training points:  35%|███▌      | 7/20 [00:33<00:59,  4.57s/it]
Training points:  40%|████      | 8/20 [00:38<00:54,  4.55s/it]
Training points:  45%|████▌     | 9/20 [00:42<00:49,  4.54s/it]
Training points:  50%|█████     | 10/20 [00:47<00:45,  4.53s/it]
Training points:  55%|█████▌    | 11/20 [00:51<00:40,  4.53s/it]
Training points:  60%|██████    | 12/20 [00:56<00:36,  4.52s/it]
Training points:  65%|██████▌   | 13/20 [01:00<00:31,  4.51s/it]
Training points:  70%|███████   | 14/20 [01:05<00:27,  4.52s/it]
Training points:  75%|███████▌  | 15/20 [01:09<00:22,  4.52s/it]
Training points:  80%|████████  | 16/20 [01:14<00:18,  4.51s/it]
Training points:  85%|████████▌ | 17/20 [01:18<00:13,  4.52s/it]
Training points:  90%|█████████ | 18/20 [01:23<00:09,  4.53s/it]
Training points:  95%|█████████▌| 19/20 [01:27<00:04,  4.53s/it]
Training points: 100%|██████████| 20/20 [01:32<00:00,  4.54s/it]
Training points: 100%|██████████| 20/20 [01:32<00:00,  4.62s/it]
=== Retention Peak-Weighted LOO ===
videos_total_with_target: 83
videos_used: 83
train_videos: 82
curve_points: 20
test_video: Z6cbf9WN0c4
test_drive_file_id: Z6cbf9WN0c4
weight_slope_alpha: 1.8
weight_curvature_alpha: 1.2
weight_max: 7.0
dataset_path: /home/kolya/ilya/seenx-ml/experiments/loo/peak_weighted/peak_weighted_dataset.csv
prediction_path: /home/kolya/ilya/seenx-ml/experiments/loo/peak_weighted/holdout_prediction_vs_true.csv
models_dir: /home/kolya/ilya/seenx-ml/experiments/loo/peak_weighted/point_models
spearman: 0.8360902255639097
pearson: 0.9063882520386062
rmse: 0.10055541336045555
mae: 0.08560302376535646
spike_rmse: 0.06926601020335588
curvature_rmse: 0.10480489566078673
[OK] peak_weighted (94s)
============================================================
[10/14] blended_quantile
[OUT] experiments/loo/blended_quantile
[LOG] experiments/_logs/loo_20260322_002556/blended_quantile.log
Default metric period is 5 because MAE is/are not implemented for GPU
Default metric period is 5 because MAE is/are not implemented for GPU
Default metric period is 5 because MAE is/are not implemented for GPU
Default metric period is 5 because MAE is/are not implemented for GPU
Default metric period is 5 because MAE is/are not implemented for GPU
Default metric period is 5 because MAE is/are not implemented for GPU
Default metric period is 5 because MAE is/are not implemented for GPU
Default metric period is 5 because MAE is/are not implemented for GPU
Default metric period is 5 because MAE is/are not implemented for GPU
Default metric period is 5 because MAE is/are not implemented for GPU
Default metric period is 5 because MAE is/are not implemented for GPU
Default metric period is 5 because MAE is/are not implemented for GPU
Default metric period is 5 because MAE is/are not implemented for GPU
Default metric period is 5 because MAE is/are not implemented for GPU
Default metric period is 5 because MAE is/are not implemented for GPU
Default metric period is 5 because MAE is/are not implemented for GPU
Default metric period is 5 because MAE is/are not implemented for GPU
Default metric period is 5 because MAE is/are not implemented for GPU
Default metric period is 5 because MAE is/are not implemented for GPU
Default metric period is 5 because MAE is/are not implemented for GPU
[blended_quantile] stage=quantile_points total=20 alpha=0.35
[blended_quantile][point] 1/20
[blended_quantile][point] 2/20
[blended_quantile][point] 3/20
[blended_quantile][point] 4/20
[blended_quantile][point] 5/20
[blended_quantile][point] 6/20
[blended_quantile][point] 7/20
[blended_quantile][point] 8/20
[blended_quantile][point] 9/20
[blended_quantile][point] 10/20
[blended_quantile][point] 11/20
[blended_quantile][point] 12/20
[blended_quantile][point] 13/20
[blended_quantile][point] 14/20
[blended_quantile][point] 15/20
[blended_quantile][point] 16/20
[blended_quantile][point] 17/20
[blended_quantile][point] 18/20
[blended_quantile][point] 19/20
[blended_quantile][point] 20/20
=== Retention Blended-Quantile LOO ===
videos_total_with_target: 83
videos_used: 83
train_videos: 82
curve_points: 20
test_video: Z6cbf9WN0c4
test_drive_file_id: Z6cbf9WN0c4
baseline_weight: 0.35
model_count: 20
dataset_path: /home/kolya/ilya/seenx-ml/experiments/loo/blended_quantile/blended_quantile_dataset.csv
prediction_path: /home/kolya/ilya/seenx-ml/experiments/loo/blended_quantile/holdout_prediction_vs_true.csv
models_dir: /home/kolya/ilya/seenx-ml/experiments/loo/blended_quantile/point_models
spearman: 0.6360902255639098
pearson: 0.8292803160320055
rmse: 0.08483822565711735
mae: 0.06909147421295983
spike_rmse: 0.09099611033316167
curvature_rmse: 0.15123158396968575
=== Holdout Prediction vs True (20 points) ===
 point_idx  baseline_value  model_quantile_pred pred_retention  pred_retention_norm  pred_score_raw true_retention abs_error
         0        0.999970             1.000000        0.99999             0.999989        0.999989        1.00000   0.00001
         1        0.814674             0.812213        0.81307             0.813074        0.813074        0.75553   0.05755
         2        0.773569             0.718854        0.73800             0.738004        0.738004        0.52776   0.21024
         3        0.730701             0.469265        0.56077             0.560768        0.560768        0.60118   0.04042
         4        0.721670             0.763989        0.74918             0.749177        0.749177        0.69789   0.05128
         5        0.705409             0.661655        0.67697             0.676969        0.676969        0.69276   0.01579
         6        0.695300             0.426306        0.52045             0.520454        0.520454        0.66316   0.14270
         7        0.687583             0.549764        0.59800             0.598000        0.598000        0.65250   0.05450
         8        0.674225             0.706787        0.69539             0.695390        0.695390        0.63671   0.05868
         9        0.664814             0.678590        0.67377             0.673768        0.673768        0.61974   0.05403
        10        0.654897             0.638278        0.64409             0.644095        0.644095        0.59526   0.04883
        11        0.639979             0.648423        0.64547             0.645468        0.645468        0.58500   0.06047
        12        0.623858             0.734961        0.69608             0.696075        0.696075        0.56250   0.13358
        13        0.613330             0.643960        0.63324             0.633240        0.633240        0.54750   0.08574
        14        0.602811             0.668676        0.64562             0.645623        0.645623        0.54000   0.10562
        15        0.593415             0.665014        0.63995             0.639954        0.639954        0.52539   0.11456
        16        0.582728             0.565187        0.57133             0.571326        0.571326        0.52500   0.04633
        17        0.571242             0.440501        0.48626             0.486260        0.486260        0.50250   0.01624
        18        0.553402             0.417588        0.46512             0.465123        0.465123        0.48947   0.02435
        19        0.406555             0.252765        0.30659             0.306592        0.306592        0.36750   0.06091
[OK] blended_quantile (79s)
============================================================
[11/14] residual_huber
[OUT] experiments/loo/residual_huber
[LOG] experiments/_logs/loo_20260322_002556/residual_huber.log
Default metric period is 5 because MAE is/are not implemented for GPU
Default metric period is 5 because MAE is/are not implemented for GPU
Default metric period is 5 because MAE is/are not implemented for GPU
Default metric period is 5 because MAE is/are not implemented for GPU
Default metric period is 5 because MAE is/are not implemented for GPU
Default metric period is 5 because MAE is/are not implemented for GPU
Default metric period is 5 because MAE is/are not implemented for GPU
Default metric period is 5 because MAE is/are not implemented for GPU
Default metric period is 5 because MAE is/are not implemented for GPU
Default metric period is 5 because MAE is/are not implemented for GPU
Default metric period is 5 because MAE is/are not implemented for GPU
Default metric period is 5 because MAE is/are not implemented for GPU
Default metric period is 5 because MAE is/are not implemented for GPU
Default metric period is 5 because MAE is/are not implemented for GPU
Default metric period is 5 because MAE is/are not implemented for GPU
Default metric period is 5 because MAE is/are not implemented for GPU
Default metric period is 5 because MAE is/are not implemented for GPU
Default metric period is 5 because MAE is/are not implemented for GPU
Default metric period is 5 because MAE is/are not implemented for GPU
Default metric period is 5 because MAE is/are not implemented for GPU
Default metric period is 5 because MAE is/are not implemented for GPU
Default metric period is 5 because MAE is/are not implemented for GPU
Default metric period is 5 because MAE is/are not implemented for GPU
Default metric period is 5 because MAE is/are not implemented for GPU
Default metric period is 5 because MAE is/are not implemented for GPU
Default metric period is 5 because MAE is/are not implemented for GPU
Default metric period is 5 because MAE is/are not implemented for GPU
Default metric period is 5 because MAE is/are not implemented for GPU
Default metric period is 5 because MAE is/are not implemented for GPU
Default metric period is 5 because MAE is/are not implemented for GPU
Default metric period is 5 because MAE is/are not implemented for GPU
Default metric period is 5 because MAE is/are not implemented for GPU
Default metric period is 5 because MAE is/are not implemented for GPU
Default metric period is 5 because MAE is/are not implemented for GPU
Default metric period is 5 because MAE is/are not implemented for GPU
Default metric period is 5 because MAE is/are not implemented for GPU
Default metric period is 5 because MAE is/are not implemented for GPU
Default metric period is 5 because MAE is/are not implemented for GPU
Default metric period is 5 because MAE is/are not implemented for GPU
[residual_huber] stage=residual_points total=20
[residual_huber][residual] 1/20
[residual_huber][residual] 2/20
[residual_huber][residual] 3/20
[residual_huber][residual] 4/20
[residual_huber][residual] 5/20
[residual_huber][residual] 6/20
[residual_huber][residual] 7/20
[residual_huber][residual] 8/20
[residual_huber][residual] 9/20
[residual_huber][residual] 10/20
[residual_huber][residual] 11/20
[residual_huber][residual] 12/20
[residual_huber][residual] 13/20
[residual_huber][residual] 14/20
[residual_huber][residual] 15/20
[residual_huber][residual] 16/20
[residual_huber][residual] 17/20
[residual_huber][residual] 18/20
[residual_huber][residual] 19/20
[residual_huber][residual] 20/20
[residual_huber] stage=delta_residual total=19
[residual_huber][delta] 1/19
[residual_huber][delta] 2/19
[residual_huber][delta] 3/19
[residual_huber][delta] 4/19
[residual_huber][delta] 5/19
[residual_huber][delta] 6/19
[residual_huber][delta] 7/19
[residual_huber][delta] 8/19
[residual_huber][delta] 9/19
[residual_huber][delta] 10/19
[residual_huber][delta] 11/19
[residual_huber][delta] 12/19
[residual_huber][delta] 13/19
[residual_huber][delta] 14/19
[residual_huber][delta] 15/19
[residual_huber][delta] 16/19
[residual_huber][delta] 17/19
[residual_huber][delta] 18/19
[residual_huber][delta] 19/19
=== Retention Residual-Huber LOO ===
videos_total_with_target: 83
videos_used: 83
train_videos: 82
curve_points: 20
test_video: Z6cbf9WN0c4
test_drive_file_id: Z6cbf9WN0c4
huber_delta: 0.03
huber_delta_delta: 0.015
delta_blend: 0.65
delta_max_step: 0.15
point_models_count: 20
delta_models_count: 19
dataset_path: /home/kolya/ilya/seenx-ml/experiments/loo/residual_huber/residual_huber_dataset.csv
prediction_path: /home/kolya/ilya/seenx-ml/experiments/loo/residual_huber/holdout_prediction_vs_true.csv
models_dir: /home/kolya/ilya/seenx-ml/experiments/loo/residual_huber/point_models
spearman: 0.8451127819548873
pearson: 0.9102159257483895
rmse: 0.11544737752230583
mae: 0.10301075456830433
spike_rmse: 0.06510225159703674
curvature_rmse: 0.08956638809140827
=== Holdout Prediction vs True (20 points) ===
 point_idx  baseline_value  pred_residual_base  pred_residual_delta_curve pred_retention  pred_retention_norm  pred_score_raw true_retention abs_error
         0        0.999970            0.000026                   0.000026        1.00000             0.999995        0.999995        1.00000   0.00000
         1        0.814674            0.022431                   0.037375        0.84682             0.846819        0.846819        0.75553   0.09129
         2        0.773569            0.042890                   0.033266        0.81020             0.810203        0.810203        0.52776   0.28244
         3        0.730701           -0.009221                   0.041692        0.75457             0.754573        0.754573        0.60118   0.15339
         4        0.721670           -0.000181                   0.012529        0.72975             0.729751        0.729751        0.69789   0.03186
         5        0.705409            0.035457                   0.057225        0.75502             0.755015        0.755015        0.69276   0.06225
         6        0.695300            0.050328                   0.064975        0.75515             0.755148        0.755148        0.66316   0.09199
         7        0.687583            0.036881                   0.052129        0.73438             0.734376        0.734376        0.65250   0.08188
         8        0.674225            0.069233                   0.054266        0.73373             0.733730        0.733730        0.63671   0.09702
         9        0.664814            0.031324                   0.044329        0.70459             0.704591        0.704591        0.61974   0.08485
        10        0.654897            0.052521                   0.045029        0.70255             0.702549        0.702549        0.59526   0.10729
        11        0.639979            0.057065                   0.045076        0.68925             0.689251        0.689251        0.58500   0.10425
        12        0.623858            0.041892                   0.050343        0.67124             0.671243        0.671243        0.56250   0.10874
        13        0.613330            0.064875                   0.050048        0.66857             0.668567        0.668567        0.54750   0.12107
        14        0.602811            0.041469                   0.043412        0.64554             0.645543        0.645543        0.54000   0.10554
        15        0.593415            0.077913                   0.045926        0.65054             0.650536        0.650536        0.52539   0.12514
        16        0.582728            0.059896                   0.046679        0.63403             0.634033        0.634033        0.52500   0.10903
        17        0.571242            0.031230                   0.044133        0.61086             0.610859        0.610859        0.50250   0.10836
        18        0.553402            0.036799                   0.045722        0.59600             0.596001        0.596001        0.48947   0.10653
        19        0.406555            0.022298                   0.062203        0.45479             0.454791        0.454791        0.36750   0.08729
[OK] residual_huber (180s)
============================================================
[12/14] kernel_baseline
[OUT] experiments/loo/kernel_baseline
[LOG] experiments/_logs/loo_20260322_002556/kernel_baseline.log
usage: train_retention_kernel_baseline_loo.py [-h] [--env-file ENV_FILE]
                                              [--snapshot-dir SNAPSHOT_DIR]
                                              [--root-folder-id ROOT_FOLDER_ID]
                                              [--limit-videos LIMIT_VIDEOS]
                                              [--train-videos TRAIN_VIDEOS]
                                              [--curve-points CURVE_POINTS]
                                              [--eval-video-folder EVAL_VIDEO_FOLDER]
                                              [--eval-drive-file-id EVAL_DRIVE_FILE_ID]
                                              [--output-dir OUTPUT_DIR]
                                              [--temperature TEMPERATURE]
                                              [--max-pca-components MAX_PCA_COMPONENTS]
train_retention_kernel_baseline_loo.py: error: unrecognized arguments: --random-seed 42 --task-type GPU --gpu-ram-part 0.6
[FAIL] kernel_baseline (exit=2, 0s)
============================================================
[13/14] meta_ensemble
[OUT] experiments/loo/meta_ensemble
[LOG] experiments/_logs/loo_20260322_002556/meta_ensemble.log
[meta_ensemble] stage=oof folds=5 train=82 points=20
[meta_ensemble] fold 1/5 train=65 val=17
[meta_ensemble] fold 1/5 base=baseline
[meta_ensemble] fold 1/5 base=residual_huber
Traceback (most recent call last):
  File "/home/kolya/ilya/seenx-ml/train/train_retention_meta_ensemble_loo.py", line 447, in <module>
    main()
  File "/home/kolya/ilya/seenx-ml/train/train_retention_meta_ensemble_loo.py", line 443, in main
    run_experiment(args)
  File "/home/kolya/ilya/seenx-ml/train/train_retention_meta_ensemble_loo.py", line 282, in run_experiment
    oof_rh[va_idx] = _predict_residual_huber(
                     ^^^^^^^^^^^^^^^^^^^^^^^^
  File "/home/kolya/ilya/seenx-ml/train/train_retention_meta_ensemble_loo.py", line 137, in _predict_residual_huber
    task_type=getattr(args, "task_type", "GPU"),
                      ^^^^
NameError: name 'args' is not defined
[FAIL] meta_ensemble (exit=1, 2s)
============================================================
[14/14] integration_penalty
[OUT] experiments/loo/integration_penalty
[LOG] experiments/_logs/loo_20260322_002556/integration_penalty.log
usage: train_retention_integration_penalty_loo.py [-h] [--env-file ENV_FILE]
                                                  [--snapshot-dir SNAPSHOT_DIR]
                                                  [--root-folder-id ROOT_FOLDER_ID]
                                                  [--limit-videos LIMIT_VIDEOS]
                                                  [--train-videos TRAIN_VIDEOS]
                                                  [--curve-points CURVE_POINTS]
                                                  [--eval-video-folder EVAL_VIDEO_FOLDER]
                                                  [--eval-drive-file-id EVAL_DRIVE_FILE_ID]
                                                  [--output-dir OUTPUT_DIR]
                                                  [--iterations ITERATIONS]
                                                  [--learning-rate LEARNING_RATE]
                                                  [--depth DEPTH]
                                                  [--random-seed RANDOM_SEED]
                                                  [--delta-blend DELTA_BLEND]
                                                  [--delta-max-step DELTA_MAX_STEP]
                                                  [--integration-max-drop INTEGRATION_MAX_DROP]
                                                  [--integration-strength-power INTEGRATION_STRENGTH_POWER]
                                                  [--integration-active-threshold INTEGRATION_ACTIVE_THRESHOLD]
                                                  [--integration-end-lift INTEGRATION_END_LIFT]
train_retention_integration_penalty_loo.py: error: unrecognized arguments: --task-type GPU --gpu-ram-part 0.6
[FAIL] integration_penalty (exit=2, 0s)
============================================================
[REPORT] Generating plots and leaderboard...
[report] Processing ad_peak_weighted...
  -> prediction plot: /home/kolya/ilya/seenx-ml/experiments/loo/ad_peak_weighted/prediction.png
  -> feature_importance: /home/kolya/ilya/seenx-ml/experiments/loo/ad_peak_weighted/feature_importance.png
[report] Processing blended_quantile...
  -> prediction plot: /home/kolya/ilya/seenx-ml/experiments/loo/blended_quantile/prediction.png
  -> feature_importance: /home/kolya/ilya/seenx-ml/experiments/loo/blended_quantile/feature_importance.png
[report] Processing conservative_catboost...
  -> prediction plot: /home/kolya/ilya/seenx-ml/experiments/loo/conservative_catboost/prediction.png
  -> feature_importance: /home/kolya/ilya/seenx-ml/experiments/loo/conservative_catboost/feature_importance.png
[report] Processing hybrid...
  -> prediction plot: /home/kolya/ilya/seenx-ml/experiments/loo/hybrid/prediction.png
[report] Processing integration_penalty...
[report] Processing kernel_baseline...
[report] Processing local_knn...
[report] Processing meta_ensemble...
[report] Processing peak_weighted...
  -> prediction plot: /home/kolya/ilya/seenx-ml/experiments/loo/peak_weighted/prediction.png
  -> feature_importance: /home/kolya/ilya/seenx-ml/experiments/loo/peak_weighted/feature_importance.png
[report] Processing ranker...
[report] Processing regressor...
  -> prediction plot: /home/kolya/ilya/seenx-ml/experiments/loo/regressor/prediction.png
  -> feature_importance: /home/kolya/ilya/seenx-ml/experiments/loo/regressor/feature_importance.png
[report] Processing residual_huber...
  -> prediction plot: /home/kolya/ilya/seenx-ml/experiments/loo/residual_huber/prediction.png
  -> feature_importance: /home/kolya/ilya/seenx-ml/experiments/loo/residual_huber/feature_importance.png
[report] Processing shape_only...
[report] Processing stacked...
  -> prediction plot: /home/kolya/ilya/seenx-ml/experiments/loo/stacked/prediction.png
[report] Leaderboard: /home/kolya/ilya/seenx-ml/experiments/loo/leaderboard.png
[report] Leaderboard CSV: /home/kolya/ilya/seenx-ml/experiments/loo/leaderboard.csv
== LOO Leaderboard (RMSE) ==
   1. blended_quantile               RMSE=0.0848  MAE=0.0691
   2. conservative_catboost          RMSE=0.0887  MAE=0.0730
   3. stacked                        RMSE=0.0920  MAE=0.0775
   4. regressor                      RMSE=0.0941  MAE=0.0804
   5. ad_peak_weighted               RMSE=0.0996  MAE=0.0847
   6. peak_weighted                  RMSE=0.1006  MAE=0.0856
   7. residual_huber                 RMSE=0.1154  MAE=0.1030
   8. ranker                         RMSE=0.2358
[DONE WITH FAILURES] 6/14 failed:
  - shape_only
  - local_knn
  - stacked
  - kernel_baseline
  - meta_ensemble
  - integration_penalty
Master log: experiments/_logs/loo_20260322_002556/all.log
