usage: train_retention_integration_penalty_loo.py [-h] [--env-file ENV_FILE]
                                                  [--snapshot-dir SNAPSHOT_DIR]
                                                  [--root-folder-id ROOT_FOLDER_ID]
                                                  [--limit-videos LIMIT_VIDEOS]
                                                  [--train-videos TRAIN_VIDEOS]
                                                  [--curve-points CURVE_POINTS]
                                                  [--eval-video-folder EVAL_VIDEO_FOLDER]
                                                  [--eval-drive-file-id EVAL_DRIVE_FILE_ID]
                                                  [--output-dir OUTPUT_DIR]
                                                  [--iterations ITERATIONS]
                                                  [--learning-rate LEARNING_RATE]
                                                  [--depth DEPTH]
                                                  [--random-seed RANDOM_SEED]
                                                  [--delta-blend DELTA_BLEND]
                                                  [--delta-max-step DELTA_MAX_STEP]
                                                  [--integration-max-drop INTEGRATION_MAX_DROP]
                                                  [--integration-strength-power INTEGRATION_STRENGTH_POWER]
                                                  [--integration-active-threshold INTEGRATION_ACTIVE_THRESHOLD]
                                                  [--integration-end-lift INTEGRATION_END_LIFT]
train_retention_integration_penalty_loo.py: error: unrecognized arguments: --task-type GPU --gpu-ram-part 0.6
