Baseline points:   0%|          | 0/20 [00:00<?, ?it/s]
Baseline points:   5%|▌         | 1/20 [00:08<02:39,  8.41s/it]
Baseline points:  10%|█         | 2/20 [00:12<01:50,  6.13s/it]
Baseline points:  15%|█▌        | 3/20 [00:17<01:31,  5.40s/it]
Baseline points:  20%|██        | 4/20 [00:22<01:20,  5.06s/it]
Baseline points:  25%|██▌       | 5/20 [00:26<01:13,  4.87s/it]
Baseline points:  30%|███       | 6/20 [00:31<01:06,  4.75s/it]
Baseline points:  35%|███▌      | 7/20 [00:35<01:00,  4.68s/it]
Baseline points:  40%|████      | 8/20 [00:40<00:55,  4.64s/it]
Baseline points:  45%|████▌     | 9/20 [00:44<00:50,  4.61s/it]
Baseline points:  50%|█████     | 10/20 [00:49<00:45,  4.59s/it]
Baseline points:  55%|█████▌    | 11/20 [00:53<00:41,  4.57s/it]
Baseline points:  60%|██████    | 12/20 [01:00<00:42,  5.37s/it]
Baseline points:  65%|██████▌   | 13/20 [01:05<00:35,  5.13s/it]
Baseline points:  70%|███████   | 14/20 [01:10<00:29,  4.95s/it]
Baseline points:  75%|███████▌  | 15/20 [01:14<00:24,  4.83s/it]
Baseline points:  80%|████████  | 16/20 [01:19<00:18,  4.74s/it]
Baseline points:  85%|████████▌ | 17/20 [01:23<00:14,  4.68s/it]
Baseline points:  90%|█████████ | 18/20 [01:29<00:09,  4.94s/it]
Baseline points:  95%|█████████▌| 19/20 [01:33<00:04,  4.82s/it]
Baseline points: 100%|██████████| 20/20 [01:38<00:00,  4.74s/it]
Baseline points: 100%|██████████| 20/20 [01:38<00:00,  4.92s/it]
Delta points:   0%|          | 0/19 [00:00<?, ?it/s]
Delta points:   5%|▌         | 1/19 [00:04<01:21,  4.53s/it]
Delta points:  11%|█         | 2/19 [00:09<01:16,  4.52s/it]
Delta points:  16%|█▌        | 3/19 [00:13<01:12,  4.54s/it]
Delta points:  21%|██        | 4/19 [00:18<01:07,  4.53s/it]
Delta points:  26%|██▋       | 5/19 [00:22<01:03,  4.52s/it]
Delta points:  32%|███▏      | 6/19 [00:27<00:58,  4.53s/it]
Delta points:  37%|███▋      | 7/19 [00:31<00:54,  4.52s/it]
Delta points:  42%|████▏     | 8/19 [00:36<00:49,  4.51s/it]
Delta points:  47%|████▋     | 9/19 [00:40<00:45,  4.50s/it]
Delta points:  53%|█████▎    | 10/19 [00:45<00:40,  4.51s/it]
Delta points:  58%|█████▊    | 11/19 [00:49<00:36,  4.51s/it]
Delta points:  63%|██████▎   | 12/19 [00:54<00:31,  4.50s/it]
Delta points:  68%|██████▊   | 13/19 [00:58<00:27,  4.50s/it]
Delta points:  74%|███████▎  | 14/19 [01:03<00:22,  4.51s/it]
Delta points:  79%|███████▉  | 15/19 [01:07<00:18,  4.50s/it]
Delta points:  84%|████████▍ | 16/19 [01:12<00:13,  4.49s/it]
Delta points:  89%|████████▉ | 17/19 [01:17<00:09,  4.64s/it]
Delta points:  95%|█████████▍| 18/19 [01:21<00:04,  4.60s/it]
Delta points: 100%|██████████| 19/19 [01:26<00:00,  4.58s/it]
Delta points: 100%|██████████| 19/19 [01:26<00:00,  4.54s/it]
=== Retention Regressor LOO ===
videos_total_with_target: 83
videos_used: 83
train_videos: 82
curve_points: 20
test_video: Z6cbf9WN0c4
test_drive_file_id: Z6cbf9WN0c4
spearman: 0.8556390977443609
pearson: 0.9207892141344932
rmse: 0.09408837344104251
mae: 0.08039602508692036
dataset_path: /home/kolya/ilya/seenx-ml/experiments/loo/regressor/regressor_dataset.csv
prediction_path: /home/kolya/ilya/seenx-ml/experiments/loo/regressor/holdout_prediction_vs_true.csv
point_models_dir: /home/kolya/ilya/seenx-ml/experiments/loo/regressor/point_models
point_models_count: 20
delta_models_count: 19
delta_blend: 0.65
delta_max_step: 0.25
=== Holdout Prediction vs True (20 points) ===
 point_idx  pred_retention_base  pred_retention_delta_curve pred_retention  pred_retention_norm  pred_score_raw true_retention abs_error
         0             1.000000                    1.000000        1.00000             1.000000        1.000000        1.00000   0.00000
         1             0.838501                    0.833855        0.83548             0.835481        0.835481        0.75553   0.07995
         2             0.793398                    0.769154        0.77764             0.777639        0.777639        0.52776   0.24988
         3             0.723467                    0.707189        0.71289             0.712886        0.712886        0.60118   0.11170
         4             0.723365                    0.690155        0.70178             0.701778        0.701778        0.69789   0.00388
         5             0.752852                    0.713790        0.72746             0.727461        0.727461        0.69276   0.03470
         6             0.767337                    0.717876        0.73519             0.735188        0.735188        0.66316   0.07203
         7             0.724041                    0.710207        0.71505             0.715049        0.715049        0.65250   0.06255
         8             0.661155                    0.704006        0.68901             0.689008        0.689008        0.63671   0.05230
         9             0.672204                    0.684906        0.68046             0.680460        0.680460        0.61974   0.06072
        10             0.692655                    0.679596        0.68417             0.684167        0.684167        0.59526   0.08890
        11             0.683889                    0.662645        0.67008             0.670080        0.670080        0.58500   0.08508
        12             0.681416                    0.653334        0.66316             0.663163        0.663163        0.56250   0.10066
        13             0.648573                    0.642175        0.64441             0.644415        0.644415        0.54750   0.09691
        14             0.646527                    0.622894        0.63117             0.631165        0.631165        0.54000   0.09117
        15             0.621784                    0.617318        0.61888             0.618881        0.618881        0.52539   0.09349
        16             0.625784                    0.607264        0.61375             0.613746        0.613746        0.52500   0.08875
        17             0.604533                    0.591077        0.59579             0.595787        0.595787        0.50250   0.09329
        18             0.583339                    0.575410        0.57819             0.578185        0.578185        0.48947   0.08871
        19             0.432656                    0.414337        0.42075             0.420749        0.420749        0.36750   0.05325
