Default metric period is 5 because MAE is/are not implemented for GPU
Default metric period is 5 because MAE is/are not implemented for GPU
Default metric period is 5 because MAE is/are not implemented for GPU
Default metric period is 5 because MAE is/are not implemented for GPU
Default metric period is 5 because MAE is/are not implemented for GPU
Default metric period is 5 because MAE is/are not implemented for GPU
Default metric period is 5 because MAE is/are not implemented for GPU
Default metric period is 5 because MAE is/are not implemented for GPU
Default metric period is 5 because MAE is/are not implemented for GPU
Default metric period is 5 because MAE is/are not implemented for GPU
Default metric period is 5 because MAE is/are not implemented for GPU
Default metric period is 5 because MAE is/are not implemented for GPU
Default metric period is 5 because MAE is/are not implemented for GPU
Default metric period is 5 because MAE is/are not implemented for GPU
Default metric period is 5 because MAE is/are not implemented for GPU
Default metric period is 5 because MAE is/are not implemented for GPU
Default metric period is 5 because MAE is/are not implemented for GPU
Default metric period is 5 because MAE is/are not implemented for GPU
Default metric period is 5 because MAE is/are not implemented for GPU
Default metric period is 5 because MAE is/are not implemented for GPU
Default metric period is 5 because MAE is/are not implemented for GPU
Default metric period is 5 because MAE is/are not implemented for GPU
Default metric period is 5 because MAE is/are not implemented for GPU
Default metric period is 5 because MAE is/are not implemented for GPU
Default metric period is 5 because MAE is/are not implemented for GPU
Default metric period is 5 because MAE is/are not implemented for GPU
Default metric period is 5 because MAE is/are not implemented for GPU
Default metric period is 5 because MAE is/are not implemented for GPU
Default metric period is 5 because MAE is/are not implemented for GPU
Default metric period is 5 because MAE is/are not implemented for GPU
Default metric period is 5 because MAE is/are not implemented for GPU
Default metric period is 5 because MAE is/are not implemented for GPU
Default metric period is 5 because MAE is/are not implemented for GPU
Default metric period is 5 because MAE is/are not implemented for GPU
Default metric period is 5 because MAE is/are not implemented for GPU
Default metric period is 5 because MAE is/are not implemented for GPU
Default metric period is 5 because MAE is/are not implemented for GPU
Default metric period is 5 because MAE is/are not implemented for GPU
Default metric period is 5 because MAE is/are not implemented for GPU
[residual_huber] stage=residual_points total=20
[residual_huber][residual] 1/20
[residual_huber][residual] 2/20
[residual_huber][residual] 3/20
[residual_huber][residual] 4/20
[residual_huber][residual] 5/20
[residual_huber][residual] 6/20
[residual_huber][residual] 7/20
[residual_huber][residual] 8/20
[residual_huber][residual] 9/20
[residual_huber][residual] 10/20
[residual_huber][residual] 11/20
[residual_huber][residual] 12/20
[residual_huber][residual] 13/20
[residual_huber][residual] 14/20
[residual_huber][residual] 15/20
[residual_huber][residual] 16/20
[residual_huber][residual] 17/20
[residual_huber][residual] 18/20
[residual_huber][residual] 19/20
[residual_huber][residual] 20/20
[residual_huber] stage=delta_residual total=19
[residual_huber][delta] 1/19
[residual_huber][delta] 2/19
[residual_huber][delta] 3/19
[residual_huber][delta] 4/19
[residual_huber][delta] 5/19
[residual_huber][delta] 6/19
[residual_huber][delta] 7/19
[residual_huber][delta] 8/19
[residual_huber][delta] 9/19
[residual_huber][delta] 10/19
[residual_huber][delta] 11/19
[residual_huber][delta] 12/19
[residual_huber][delta] 13/19
[residual_huber][delta] 14/19
[residual_huber][delta] 15/19
[residual_huber][delta] 16/19
[residual_huber][delta] 17/19
[residual_huber][delta] 18/19
[residual_huber][delta] 19/19
=== Retention Residual-Huber LOO ===
videos_total_with_target: 83
videos_used: 83
train_videos: 82
curve_points: 20
test_video: Z6cbf9WN0c4
test_drive_file_id: Z6cbf9WN0c4
huber_delta: 0.03
huber_delta_delta: 0.015
delta_blend: 0.65
delta_max_step: 0.15
point_models_count: 20
delta_models_count: 19
dataset_path: /home/kolya/ilya/seenx-ml/experiments/loo/residual_huber/residual_huber_dataset.csv
prediction_path: /home/kolya/ilya/seenx-ml/experiments/loo/residual_huber/holdout_prediction_vs_true.csv
models_dir: /home/kolya/ilya/seenx-ml/experiments/loo/residual_huber/point_models
spearman: 0.8451127819548873
pearson: 0.9102159257483895
rmse: 0.11544737752230583
mae: 0.10301075456830433
spike_rmse: 0.06510225159703674
curvature_rmse: 0.08956638809140827
=== Holdout Prediction vs True (20 points) ===
 point_idx  baseline_value  pred_residual_base  pred_residual_delta_curve pred_retention  pred_retention_norm  pred_score_raw true_retention abs_error
         0        0.999970            0.000026                   0.000026        1.00000             0.999995        0.999995        1.00000   0.00000
         1        0.814674            0.022431                   0.037375        0.84682             0.846819        0.846819        0.75553   0.09129
         2        0.773569            0.042890                   0.033266        0.81020             0.810203        0.810203        0.52776   0.28244
         3        0.730701           -0.009221                   0.041692        0.75457             0.754573        0.754573        0.60118   0.15339
         4        0.721670           -0.000181                   0.012529        0.72975             0.729751        0.729751        0.69789   0.03186
         5        0.705409            0.035457                   0.057225        0.75502             0.755015        0.755015        0.69276   0.06225
         6        0.695300            0.050328                   0.064975        0.75515             0.755148        0.755148        0.66316   0.09199
         7        0.687583            0.036881                   0.052129        0.73438             0.734376        0.734376        0.65250   0.08188
         8        0.674225            0.069233                   0.054266        0.73373             0.733730        0.733730        0.63671   0.09702
         9        0.664814            0.031324                   0.044329        0.70459             0.704591        0.704591        0.61974   0.08485
        10        0.654897            0.052521                   0.045029        0.70255             0.702549        0.702549        0.59526   0.10729
        11        0.639979            0.057065                   0.045076        0.68925             0.689251        0.689251        0.58500   0.10425
        12        0.623858            0.041892                   0.050343        0.67124             0.671243        0.671243        0.56250   0.10874
        13        0.613330            0.064875                   0.050048        0.66857             0.668567        0.668567        0.54750   0.12107
        14        0.602811            0.041469                   0.043412        0.64554             0.645543        0.645543        0.54000   0.10554
        15        0.593415            0.077913                   0.045926        0.65054             0.650536        0.650536        0.52539   0.12514
        16        0.582728            0.059896                   0.046679        0.63403             0.634033        0.634033        0.52500   0.10903
        17        0.571242            0.031230                   0.044133        0.61086             0.610859        0.610859        0.50250   0.10836
        18        0.553402            0.036799                   0.045722        0.59600             0.596001        0.596001        0.48947   0.10653
        19        0.406555            0.022298                   0.062203        0.45479             0.454791        0.454791        0.36750   0.08729
