=== Retention Stacked LOO ===
videos_total_with_target: 83
videos_used: 83
train_videos: 82
curve_points: 20
test_video: Z6cbf9WN0c4
test_drive_file_id: Z6cbf9WN0c4
oof_folds: 5
meta_l2: 0.02
spearman: 0.8571428571428572
pearson: 0.91819766494525
rmse: 0.09200563984541493
mae: 0.0775253096008445
dataset_path: /home/kolya/ilya/seenx-ml/experiments/loo/stacked/stacked_dataset.csv
prediction_path: /home/kolya/ilya/seenx-ml/experiments/loo/stacked/holdout_prediction_vs_true.csv
=== Holdout Prediction vs True (20 points) ===
 point_idx  point_frac  pred_abs_expert  pred_delta_expert  pred_shape_expert pred_retention  pred_retention_norm  pred_score_raw true_retention abs_error
         0    0.000000         0.999998           1.000000           0.914145        0.99997             0.999971        0.999971        1.00000   0.00003
         1    0.052632         0.839776           0.827597           0.843600        0.82500             0.825004        0.825004        0.75553   0.06948
         2    0.105263         0.795271           0.783698           0.823937        0.78053             0.780529        0.780529        0.52776   0.25277
         3    0.157895         0.740953           0.740143           0.799381        0.73259             0.732591        0.732591        0.60118   0.13141
         4    0.210526         0.722674           0.699832           0.798157        0.73623             0.736227        0.736227        0.69789   0.03833
         5    0.263158         0.689957           0.708419           0.788888        0.70732             0.707318        0.707318        0.69276   0.01455
         6    0.315789         0.754368           0.698411           0.808418        0.73436             0.734358        0.734358        0.66316   0.07120
         7    0.368421         0.729769           0.693357           0.796382        0.69685             0.696845        0.696845        0.65250   0.04435
         8    0.421053         0.666651           0.679581           0.783742        0.68819             0.688186        0.688186        0.63671   0.05148
         9    0.473684         0.684869           0.651456           0.776618        0.67316             0.673158        0.673158        0.61974   0.05342
        10    0.526316         0.680888           0.643909           0.776112        0.67472             0.674725        0.674725        0.59526   0.07946
        11    0.578947         0.692569           0.627555           0.764673        0.66949             0.669494        0.669494        0.58500   0.08449
        12    0.631579         0.656560           0.612967           0.762740        0.64412             0.644115        0.644115        0.56250   0.08162
        13    0.684211         0.655008           0.602692           0.766058        0.64739             0.647390        0.647390        0.54750   0.09989
        14    0.736842         0.610602           0.583137           0.748154        0.60932             0.609324        0.609324        0.54000   0.06932
        15    0.789474         0.639915           0.571195           0.749206        0.61464             0.614641        0.614641        0.52539   0.08925
        16    0.842105         0.608165           0.561400           0.750652        0.60620             0.606195        0.606195        0.52500   0.08120
        17    0.894737         0.593959           0.547762           0.737369        0.58737             0.587369        0.587369        0.50250   0.08487
        18    0.947368         0.585917           0.529082           0.735665        0.58447             0.584475        0.584475        0.48947   0.09500
        19    1.000000         0.407231           0.397696           0.665466        0.42590             0.425901        0.425901        0.36750   0.05840
