============================================================
LOO Experiments Runner
============================================================
SNAPSHOT_DIR=data  CURVE_POINTS=2  SEED=42
ITERATIONS=1  LR=0.05  DEPTH=6
LOG: experiments/_logs/loo_20260322_002428
============================================================
[1/14] regressor
[OUT] experiments/loo/regressor
[LOG] experiments/_logs/loo_20260322_002428/regressor.log
Baseline points:   0%|          | 0/2 [00:00<?, ?it/s]
Baseline points:   0%|          | 0/2 [00:00<?, ?it/s]
Traceback (most recent call last):
  File "/home/kolya/ilya/seenx-ml/train/train_retention_regressor_loo.py", line 338, in <module>
    main()
  File "/home/kolya/ilya/seenx-ml/train/train_retention_regressor_loo.py", line 334, in main
    run_experiment(args)
  File "/home/kolya/ilya/seenx-ml/train/train_retention_regressor_loo.py", line 218, in run_experiment
    model.fit(X_train, y_train)
  File "/home/kolya/ilya/seenx-ml/venv/lib/python3.12/site-packages/catboost/core.py", line 5873, in fit
    return self._fit(X, y, cat_features, text_features, embedding_features, None, graph, sample_weight, None, None, None, None, baseline,
           ^^^^^^^^^^^^^^^^^^^^^^^^^^^^^^^^^^^^^^^^^^^^^^^^^^^^^^^^^^^^^^^^^^^^^^^^^^^^^^^^^^^^^^^^^^^^^^^^^^^^^^^^^^^^^^^^^^^^^^^^^^^^^^
  File "/home/kolya/ilya/seenx-ml/venv/lib/python3.12/site-packages/catboost/core.py", line 2410, in _fit
    self._train(
  File "/home/kolya/ilya/seenx-ml/venv/lib/python3.12/site-packages/catboost/core.py", line 1790, in _train
    self._object._train(train_pool, test_pool, params, allow_clear_pool, init_model._object if init_model else None)
  File "_catboost.pyx", line 5023, in _catboost._CatBoost._train
  File "_catboost.pyx", line 5072, in _catboost._CatBoost._train
_catboost.CatBoostError: catboost/libs/metrics/metric.cpp:6935: All train targets are equal
[FAIL] regressor (exit=1, 1s)
============================================================
[2/14] shape_only
[OUT] experiments/loo/shape_only
[LOG] experiments/_logs/loo_20260322_002428/shape_only.log
Traceback (most recent call last):
  File "/home/kolya/ilya/seenx-ml/train/train_retention_shape_only_loo.py", line 265, in <module>
    main()
  File "/home/kolya/ilya/seenx-ml/train/train_retention_shape_only_loo.py", line 261, in main
    run_experiment(args)
  File "/home/kolya/ilya/seenx-ml/train/train_retention_shape_only_loo.py", line 112, in run_experiment
    all_df, train_df, test_df = select_train_test(rows, args)
                                ^^^^^^^^^^^^^^^^^^^^^^^^^^^^^
  File "/home/kolya/ilya/seenx-ml/train/train_retention_regressor_loo.py", line 127, in select_train_test
    raise RuntimeError(
RuntimeError: Недостаточно видео с target retention: найдено 83, нужно 90
[FAIL] shape_only (exit=1, 2s)
============================================================
[3/14] local_knn
[OUT] experiments/loo/local_knn
[LOG] experiments/_logs/loo_20260322_002428/local_knn.log
Traceback (most recent call last):
  File "/home/kolya/ilya/seenx-ml/train/train_retention_local_knn_loo.py", line 416, in <module>
    main()
  File "/home/kolya/ilya/seenx-ml/train/train_retention_local_knn_loo.py", line 412, in main
    run_experiment(args)
  File "/home/kolya/ilya/seenx-ml/train/train_retention_local_knn_loo.py", line 296, in run_experiment
    all_df, train_df, test_df = select_train_test(rows, args)
                                ^^^^^^^^^^^^^^^^^^^^^^^^^^^^^
  File "/home/kolya/ilya/seenx-ml/train/train_retention_regressor_loo.py", line 127, in select_train_test
    raise RuntimeError(
RuntimeError: Недостаточно видео с target retention: найдено 83, нужно 90
[FAIL] local_knn (exit=1, 2s)
============================================================
[4/14] ranker
[OUT] experiments/loo/ranker
[LOG] experiments/_logs/loo_20260322_002428/ranker.log
Default metric period is 5 because PFound, NDCG is/are not implemented for GPU
Metric PFound is not implemented on GPU. Will use CPU for metric computation, this could significantly affect learning time
Metric NDCG:top=2;type=Base is not implemented on GPU. Will use CPU for metric computation, this could significantly affect learning time
=== Retention Ranker LOO ===
videos_total_with_target: 83
videos_used: 6
train_videos: 5
curve_points: 2
test_video: 3PBo1GiAlbs
spearman: 0.9999999999999999
pearson: 1.0
rmse: 0.19091883092036785
dataset_path: /home/kolya/ilya/seenx-ml/experiments/loo/ranker/ranker_dataset.csv
prediction_path: /home/kolya/ilya/seenx-ml/experiments/loo/ranker/holdout_prediction_vs_true.csv
model_path: /home/kolya/ilya/seenx-ml/experiments/loo/ranker/catboost_ranker.cbm
=== Holdout Prediction vs True (2 points) ===
 point_idx pred_score_raw pred_retention_norm true_retention
         0        0.02500             1.00000        1.00000
         1       -0.02500             0.00000        0.27000
[OK] ranker (3s)
============================================================
[5/14] hybrid
[OUT] experiments/loo/hybrid
[LOG] experiments/_logs/loo_20260322_002428/hybrid.log
Default metric period is 5 because PFound, NDCG is/are not implemented for GPU
Metric PFound is not implemented on GPU. Will use CPU for metric computation, this could significantly affect learning time
Metric NDCG:top=2;type=Base is not implemented on GPU. Will use CPU for metric computation, this could significantly affect learning time
=== Retention Hybrid LOO ===
videos_total_with_target: 83
videos_used: 6
train_videos: 5
curve_points: 2
test_video: 3PBo1GiAlbs
test_drive_file_id: 3PBo1GiAlbs
ensemble_seeds: [42]
shape_ranker_weight: 0.7
shape_anchor_points: 1
level_anchor_points: 2
level_pred: 0.7062722612641394
level_true: 0.635
level_abs_error: 0.07127226126413944
tail_pred: 0.7015495230199349
tail_true: 0.635
tail_abs_error: 0.06654952301993489
use_tail_floor: 1
affine_calibration_enabled: 0
calib_alpha: 1.0
calib_beta: 0.0
spearman_abs: 0.9999999999999999
pearson_abs: 0.9999999999999998
rmse_abs: 0.3695845953708423
mae_abs: 0.36302906185273837
rmse_abs_uncalibrated: 0.3695845953708423
mae_abs_uncalibrated: 0.36302906185273837
spearman_shape: 0.9999999999999999
pearson_shape: 1.0
rmse_shape: 0.07400513567846075
mae_shape: 0.0523295332808701
dataset_path: /home/kolya/ilya/seenx-ml/experiments/loo/hybrid/hybrid_dataset.csv
prediction_path: /home/kolya/ilya/seenx-ml/experiments/loo/hybrid/holdout_prediction_vs_true.csv
ensemble_models_dir: /home/kolya/ilya/seenx-ml/experiments/loo/hybrid/ensemble_models
ensemble_models_count: 4
=== Holdout Prediction vs True (2 points) ===
 point_idx  point_frac pred_shape true_shape  pred_retention_uncalibrated pred_retention  pred_retention_norm  pred_score_raw true_retention abs_error  abs_error_uncalibrated shape_abs_error
         0         0.0    1.00000    1.00000                     0.706272        0.70627             0.706272        0.706272        1.00000   0.29373                0.293728         0.00000
         1         1.0    0.16534    0.27000                     0.702330        0.70233             0.702330        0.702330        0.27000   0.43233                0.432330         0.10466
[OK] hybrid (8s)
============================================================
[6/14] stacked
[OUT] experiments/loo/stacked
[LOG] experiments/_logs/loo_20260322_002428/stacked.log
Traceback (most recent call last):
  File "/home/kolya/ilya/seenx-ml/train/train_retention_stacked_loo.py", line 435, in <module>
    main()
  File "/home/kolya/ilya/seenx-ml/train/train_retention_stacked_loo.py", line 431, in main
    run_experiment(args)
  File "/home/kolya/ilya/seenx-ml/train/train_retention_stacked_loo.py", line 278, in run_experiment
    pred_abs = _fit_pointwise_predict(
               ^^^^^^^^^^^^^^^^^^^^^^^
  File "/home/kolya/ilya/seenx-ml/train/train_retention_stacked_loo.py", line 90, in _fit_pointwise_predict
    task_type=getattr(args, "task_type", "GPU"),
                      ^^^^
NameError: name 'args' is not defined
[FAIL] stacked (exit=1, 1s)
============================================================
[7/14] conservative_catboost
[OUT] experiments/loo/conservative_catboost
[LOG] experiments/_logs/loo_20260322_002428/conservative_catboost.log
[conservative_cb] stage=train points=2 iter=150 depth=4 l2=10.0
[conservative_cb][point] 1/2
[conservative_cb][point] 2/2
=== Retention Conservative-CatBoost LOO ===
videos_total_with_target: 83
videos_used: 6
train_videos: 5
curve_points: 2
test_video: 3PBo1GiAlbs
test_drive_file_id: 3PBo1GiAlbs
iterations: 150
learning_rate: 0.03
depth: 4
l2_leaf_reg: 10.0
model_count: 1
baseline_rmse: 0.11879393923933998
dataset_path: /home/kolya/ilya/seenx-ml/experiments/loo/conservative_catboost/conservative_catboost_dataset.csv
prediction_path: /home/kolya/ilya/seenx-ml/experiments/loo/conservative_catboost/holdout_prediction_vs_true.csv
models_dir: /home/kolya/ilya/seenx-ml/experiments/loo/conservative_catboost/point_models
spearman: 0.9999999999999999
pearson: 1.0
rmse: 0.11162618709454804
mae: 0.0789316338525532
spike_rmse: 0.1578632677051064
curvature_rmse: 0.0
=== Holdout Prediction vs True (2 points) ===
 point_idx  baseline_value pred_retention  pred_retention_norm  pred_score_raw true_retention abs_error
         0           1.000        1.00000             1.000000        1.000000        1.00000   0.00000
         1           0.438        0.42786             0.427863        0.427863        0.27000   0.15786
[OK] conservative_catboost (3s)
============================================================
[8/14] ad_peak_weighted
[OUT] experiments/loo/ad_peak_weighted
[LOG] experiments/_logs/loo_20260322_002428/ad_peak_weighted.log
Training points:   0%|          | 0/2 [00:00<?, ?it/s]
Training points: 100%|██████████| 2/2 [00:01<00:00,  1.54it/s]
Training points: 100%|██████████| 2/2 [00:01<00:00,  1.54it/s]
=== Retention Ad-Peak-Weighted LOO ===
videos_total_with_target: 83
videos_used: 6
train_videos: 5
curve_points: 2
test_video: 3PBo1GiAlbs
test_drive_file_id: 3PBo1GiAlbs
weight_slope_alpha: 1.4
weight_curvature_alpha: 0.9
weight_ad_alpha: 1.2
weight_max: 6.0
integration_max_drop: 0.1
integration_strength_power: 1.0
integration_active_threshold: 0.5
dataset_path: /home/kolya/ilya/seenx-ml/experiments/loo/ad_peak_weighted/ad_peak_weighted_dataset.csv
prediction_path: /home/kolya/ilya/seenx-ml/experiments/loo/ad_peak_weighted/holdout_prediction_vs_true.csv
models_dir: /home/kolya/ilya/seenx-ml/experiments/loo/ad_peak_weighted/point_models
spearman: 0.9999999999999999
pearson: 1.0
rmse: 0.08706201806104977
mae: 0.06156214335475396
spike_rmse: 0.12312428670950792
curvature_rmse: 0.0
[OK] ad_peak_weighted (3s)
============================================================
[9/14] peak_weighted
[OUT] experiments/loo/peak_weighted
[LOG] experiments/_logs/loo_20260322_002428/peak_weighted.log
Training points:   0%|          | 0/2 [00:00<?, ?it/s]
Training points: 100%|██████████| 2/2 [00:00<00:00,  2.19it/s]
Training points: 100%|██████████| 2/2 [00:00<00:00,  2.19it/s]
=== Retention Peak-Weighted LOO ===
videos_total_with_target: 83
videos_used: 6
train_videos: 5
curve_points: 2
test_video: 3PBo1GiAlbs
test_drive_file_id: 3PBo1GiAlbs
weight_slope_alpha: 1.8
weight_curvature_alpha: 1.2
weight_max: 7.0
dataset_path: /home/kolya/ilya/seenx-ml/experiments/loo/peak_weighted/peak_weighted_dataset.csv
prediction_path: /home/kolya/ilya/seenx-ml/experiments/loo/peak_weighted/holdout_prediction_vs_true.csv
models_dir: /home/kolya/ilya/seenx-ml/experiments/loo/peak_weighted/point_models
spearman: 0.9999999999999999
pearson: 1.0
rmse: 0.09392920285183401
mae: 0.06641797628797863
spike_rmse: 0.13283595257595726
curvature_rmse: 0.0
[OK] peak_weighted (3s)
============================================================
[10/14] blended_quantile
[OUT] experiments/loo/blended_quantile
[LOG] experiments/_logs/loo_20260322_002428/blended_quantile.log
Default metric period is 5 because MAE is/are not implemented for GPU
[blended_quantile] stage=quantile_points total=2 alpha=0.35
[blended_quantile][point] 1/2
[blended_quantile][point] 2/2
=== Retention Blended-Quantile LOO ===
videos_total_with_target: 83
videos_used: 6
train_videos: 5
curve_points: 2
test_video: 3PBo1GiAlbs
test_drive_file_id: 3PBo1GiAlbs
baseline_weight: 0.35
model_count: 1
dataset_path: /home/kolya/ilya/seenx-ml/experiments/loo/blended_quantile/blended_quantile_dataset.csv
prediction_path: /home/kolya/ilya/seenx-ml/experiments/loo/blended_quantile/holdout_prediction_vs_true.csv
models_dir: /home/kolya/ilya/seenx-ml/experiments/loo/blended_quantile/point_models
spearman: 0.9999999999999999
pearson: 1.0
rmse: 0.13139470707414996
mae: 0.09291008838415146
spike_rmse: 0.18582017676830298
curvature_rmse: 0.0
=== Holdout Prediction vs True (2 points) ===
 point_idx  baseline_value  model_quantile_pred pred_retention  pred_retention_norm  pred_score_raw true_retention abs_error
         0           1.000             1.000000        1.00000              1.00000         1.00000        1.00000   0.00000
         1           0.438             0.465416        0.45582              0.45582         0.45582        0.27000   0.18582
[OK] blended_quantile (2s)
============================================================
[11/14] residual_huber
[OUT] experiments/loo/residual_huber
[LOG] experiments/_logs/loo_20260322_002428/residual_huber.log
Default metric period is 5 because MAE is/are not implemented for GPU
Default metric period is 5 because MAE is/are not implemented for GPU
[residual_huber] stage=residual_points total=2
[residual_huber][residual] 1/2
[residual_huber][residual] 2/2
[residual_huber] stage=delta_residual total=1
[residual_huber][delta] 1/1
=== Retention Residual-Huber LOO ===
videos_total_with_target: 83
videos_used: 6
train_videos: 5
curve_points: 2
test_video: 3PBo1GiAlbs
test_drive_file_id: 3PBo1GiAlbs
huber_delta: 0.03
huber_delta_delta: 0.015
delta_blend: 0.65
delta_max_step: 0.15
point_models_count: 1
delta_models_count: 1
dataset_path: /home/kolya/ilya/seenx-ml/experiments/loo/residual_huber/residual_huber_dataset.csv
prediction_path: /home/kolya/ilya/seenx-ml/experiments/loo/residual_huber/holdout_prediction_vs_true.csv
models_dir: /home/kolya/ilya/seenx-ml/experiments/loo/residual_huber/point_models
spearman: 0.9999999999999999
pearson: 1.0
rmse: 0.10514212023525214
mae: 0.0743467062066781
spike_rmse: 0.1486934124133562
curvature_rmse: 0.0
=== Holdout Prediction vs True (2 points) ===
 point_idx  baseline_value  pred_residual_base  pred_residual_delta_curve pred_retention  pred_retention_norm  pred_score_raw true_retention abs_error
         0           1.000            0.000000                    0.00000        1.00000             1.000000        1.000000        1.00000   0.00000
         1           0.438           -0.030479                   -0.01329        0.41869             0.418693        0.418693        0.27000   0.14869
[OK] residual_huber (5s)
============================================================
[12/14] kernel_baseline
[OUT] experiments/loo/kernel_baseline
[LOG] experiments/_logs/loo_20260322_002428/kernel_baseline.log
usage: train_retention_kernel_baseline_loo.py [-h] [--env-file ENV_FILE]
                                              [--snapshot-dir SNAPSHOT_DIR]
                                              [--root-folder-id ROOT_FOLDER_ID]
                                              [--limit-videos LIMIT_VIDEOS]
                                              [--train-videos TRAIN_VIDEOS]
                                              [--curve-points CURVE_POINTS]
                                              [--eval-video-folder EVAL_VIDEO_FOLDER]
                                              [--eval-drive-file-id EVAL_DRIVE_FILE_ID]
                                              [--output-dir OUTPUT_DIR]
                                              [--temperature TEMPERATURE]
                                              [--max-pca-components MAX_PCA_COMPONENTS]
train_retention_kernel_baseline_loo.py: error: unrecognized arguments: --random-seed 42 --task-type GPU --gpu-ram-part 0.6
[FAIL] kernel_baseline (exit=2, 0s)
============================================================
[13/14] meta_ensemble
[OUT] experiments/loo/meta_ensemble
[LOG] experiments/_logs/loo_20260322_002428/meta_ensemble.log
[meta_ensemble] stage=oof folds=5 train=5 points=2
[meta_ensemble] fold 1/5 train=4 val=1
[meta_ensemble] fold 1/5 base=baseline
[meta_ensemble] fold 1/5 base=residual_huber
Traceback (most recent call last):
  File "/home/kolya/ilya/seenx-ml/train/train_retention_meta_ensemble_loo.py", line 447, in <module>
    main()
  File "/home/kolya/ilya/seenx-ml/train/train_retention_meta_ensemble_loo.py", line 443, in main
    run_experiment(args)
  File "/home/kolya/ilya/seenx-ml/train/train_retention_meta_ensemble_loo.py", line 282, in run_experiment
    oof_rh[va_idx] = _predict_residual_huber(
                     ^^^^^^^^^^^^^^^^^^^^^^^^
  File "/home/kolya/ilya/seenx-ml/train/train_retention_meta_ensemble_loo.py", line 137, in _predict_residual_huber
    task_type=getattr(args, "task_type", "GPU"),
                      ^^^^
NameError: name 'args' is not defined
[FAIL] meta_ensemble (exit=1, 1s)
============================================================
[14/14] integration_penalty
[OUT] experiments/loo/integration_penalty
[LOG] experiments/_logs/loo_20260322_002428/integration_penalty.log
usage: train_retention_integration_penalty_loo.py [-h] [--env-file ENV_FILE]
                                                  [--snapshot-dir SNAPSHOT_DIR]
                                                  [--root-folder-id ROOT_FOLDER_ID]
                                                  [--limit-videos LIMIT_VIDEOS]
                                                  [--train-videos TRAIN_VIDEOS]
                                                  [--curve-points CURVE_POINTS]
                                                  [--eval-video-folder EVAL_VIDEO_FOLDER]
                                                  [--eval-drive-file-id EVAL_DRIVE_FILE_ID]
                                                  [--output-dir OUTPUT_DIR]
                                                  [--iterations ITERATIONS]
                                                  [--learning-rate LEARNING_RATE]
                                                  [--depth DEPTH]
                                                  [--random-seed RANDOM_SEED]
                                                  [--delta-blend DELTA_BLEND]
                                                  [--delta-max-step DELTA_MAX_STEP]
                                                  [--integration-max-drop INTEGRATION_MAX_DROP]
                                                  [--integration-strength-power INTEGRATION_STRENGTH_POWER]
                                                  [--integration-active-threshold INTEGRATION_ACTIVE_THRESHOLD]
                                                  [--integration-end-lift INTEGRATION_END_LIFT]
train_retention_integration_penalty_loo.py: error: unrecognized arguments: --task-type GPU --gpu-ram-part 0.6
[FAIL] integration_penalty (exit=2, 1s)
============================================================
[REPORT] Generating plots and leaderboard...
[report] Processing ad_peak_weighted...
  -> prediction plot: /home/kolya/ilya/seenx-ml/experiments/loo/ad_peak_weighted/prediction.png
  -> feature_importance: /home/kolya/ilya/seenx-ml/experiments/loo/ad_peak_weighted/feature_importance.png
[report] Processing blended_quantile...
  -> prediction plot: /home/kolya/ilya/seenx-ml/experiments/loo/blended_quantile/prediction.png
  -> feature_importance: /home/kolya/ilya/seenx-ml/experiments/loo/blended_quantile/feature_importance.png
[report] Processing conservative_catboost...
  -> prediction plot: /home/kolya/ilya/seenx-ml/experiments/loo/conservative_catboost/prediction.png
  -> feature_importance: /home/kolya/ilya/seenx-ml/experiments/loo/conservative_catboost/feature_importance.png
[report] Processing hybrid...
  -> prediction plot: /home/kolya/ilya/seenx-ml/experiments/loo/hybrid/prediction.png
[report] Processing integration_penalty...
[report] Processing kernel_baseline...
[report] Processing local_knn...
[report] Processing meta_ensemble...
[report] Processing peak_weighted...
  -> prediction plot: /home/kolya/ilya/seenx-ml/experiments/loo/peak_weighted/prediction.png
  -> feature_importance: /home/kolya/ilya/seenx-ml/experiments/loo/peak_weighted/feature_importance.png
[report] Processing ranker...
[report] Processing regressor...
  -> prediction plot: /home/kolya/ilya/seenx-ml/experiments/loo/regressor/prediction.png
  -> feature_importance: /home/kolya/ilya/seenx-ml/experiments/loo/regressor/feature_importance.png
[report] Processing residual_huber...
  -> prediction plot: /home/kolya/ilya/seenx-ml/experiments/loo/residual_huber/prediction.png
  -> feature_importance: /home/kolya/ilya/seenx-ml/experiments/loo/residual_huber/feature_importance.png
[report] Processing shape_only...
[report] Processing stacked...
  -> prediction plot: /home/kolya/ilya/seenx-ml/experiments/loo/stacked/prediction.png
[report] Leaderboard: /home/kolya/ilya/seenx-ml/experiments/loo/leaderboard.png
[report] Leaderboard CSV: /home/kolya/ilya/seenx-ml/experiments/loo/leaderboard.csv
== LOO Leaderboard (RMSE) ==
   1. ad_peak_weighted               RMSE=0.0871  MAE=0.0616
   2. stacked                        RMSE=0.0920  MAE=0.0775
   3. peak_weighted                  RMSE=0.0939  MAE=0.0664
   4. regressor                      RMSE=0.0941  MAE=0.0804
   5. residual_huber                 RMSE=0.1051  MAE=0.0743
   6. conservative_catboost          RMSE=0.1116  MAE=0.0789
   7. blended_quantile               RMSE=0.1314  MAE=0.0929
   8. ranker                         RMSE=0.1909
[DONE WITH FAILURES] 7/14 failed:
  - regressor
  - shape_only
  - local_knn
  - stacked
  - kernel_baseline
  - meta_ensemble
  - integration_penalty
Master log: experiments/_logs/loo_20260322_002428/all.log
