[conservative_cb] stage=train points=2 iter=150 depth=4 l2=10.0
[conservative_cb][point] 1/2
[conservative_cb][point] 2/2
=== Retention Conservative-CatBoost LOO ===
videos_total_with_target: 83
videos_used: 6
train_videos: 5
curve_points: 2
test_video: 3PBo1GiAlbs
test_drive_file_id: 3PBo1GiAlbs
iterations: 150
learning_rate: 0.03
depth: 4
l2_leaf_reg: 10.0
model_count: 1
baseline_rmse: 0.11879393923933998
dataset_path: /home/kolya/ilya/seenx-ml/experiments/loo/conservative_catboost/conservative_catboost_dataset.csv
prediction_path: /home/kolya/ilya/seenx-ml/experiments/loo/conservative_catboost/holdout_prediction_vs_true.csv
models_dir: /home/kolya/ilya/seenx-ml/experiments/loo/conservative_catboost/point_models
spearman: 0.9999999999999999
pearson: 1.0
rmse: 0.11162618709454804
mae: 0.0789316338525532
spike_rmse: 0.1578632677051064
curvature_rmse: 0.0
=== Holdout Prediction vs True (2 points) ===
 point_idx  baseline_value pred_retention  pred_retention_norm  pred_score_raw true_retention abs_error
         0           1.000        1.00000             1.000000        1.000000        1.00000   0.00000
         1           0.438        0.42786             0.427863        0.427863        0.27000   0.15786
